Archive member included because of file (symbol)

c:/davev4-64bit/dave-ide-4.4.2-64bit/eclipse/arm-gcc-49/bin/../lib/gcc/arm-none-eabi/4.9.3/armv7e-m\libgcc.a(_arm_addsubdf3.o)
                              ./Sensors/LM76.o (__aeabi_i2d)
c:/davev4-64bit/dave-ide-4.4.2-64bit/eclipse/arm-gcc-49/bin/../lib/gcc/arm-none-eabi/4.9.3/armv7e-m\libgcc.a(_arm_muldivdf3.o)
                              ./Sensors/LM76.o (__aeabi_dmul)
c:/davev4-64bit/dave-ide-4.4.2-64bit/eclipse/arm-gcc-49/bin/../lib/gcc/arm-none-eabi/4.9.3/armv7e-m\libgcc.a(_arm_truncdfsf2.o)
                              ./Sensors/LM76.o (__aeabi_d2f)
c:/davev4-64bit/dave-ide-4.4.2-64bit/eclipse/arm-gcc-49/bin/../lib/gcc/arm-none-eabi/4.9.3/armv7e-m\libgcc.a(_arm_addsubsf3.o)
                              ./Sensors/LM76.o (__aeabi_fsub)
c:/davev4-64bit/dave-ide-4.4.2-64bit/eclipse/arm-gcc-49/bin/../lib/gcc/arm-none-eabi/4.9.3/armv7e-m\libgcc.a(_arm_muldivsf3.o)
                              ./Libraries/XMCLib/src/xmc4_scu.o (__aeabi_fmul)
c:/davev4-64bit/dave-ide-4.4.2-64bit/eclipse/arm-gcc-49/bin/../lib/gcc/arm-none-eabi/4.9.3/armv7e-m\libgcc.a(_arm_fixunssfsi.o)
                              ./Libraries/XMCLib/src/xmc4_scu.o (__aeabi_f2uiz)
c:/davev4-64bit/dave-ide-4.4.2-64bit/eclipse/arm-gcc-49/bin/../lib/gcc/arm-none-eabi/4.9.3/armv7e-m\libgcc.a(_aeabi_uldivmod.o)
                              ./Dave/Generated/TIMER/timer.o (__aeabi_uldivmod)
c:/davev4-64bit/dave-ide-4.4.2-64bit/eclipse/arm-gcc-49/bin/../lib/gcc/arm-none-eabi/4.9.3/armv7e-m\libgcc.a(bpabi.o)
                              c:/davev4-64bit/dave-ide-4.4.2-64bit/eclipse/arm-gcc-49/bin/../lib/gcc/arm-none-eabi/4.9.3/armv7e-m\libgcc.a(_aeabi_uldivmod.o) (__gnu_uldivmod_helper)
c:/davev4-64bit/dave-ide-4.4.2-64bit/eclipse/arm-gcc-49/bin/../lib/gcc/arm-none-eabi/4.9.3/armv7e-m\libgcc.a(_dvmd_tls.o)
                              c:/davev4-64bit/dave-ide-4.4.2-64bit/eclipse/arm-gcc-49/bin/../lib/gcc/arm-none-eabi/4.9.3/armv7e-m\libgcc.a(_aeabi_uldivmod.o) (__aeabi_ldiv0)
c:/davev4-64bit/dave-ide-4.4.2-64bit/eclipse/arm-gcc-49/bin/../lib/gcc/arm-none-eabi/4.9.3/armv7e-m\libgcc.a(_divdi3.o)
                              c:/davev4-64bit/dave-ide-4.4.2-64bit/eclipse/arm-gcc-49/bin/../lib/gcc/arm-none-eabi/4.9.3/armv7e-m\libgcc.a(bpabi.o) (__divdi3)
c:/davev4-64bit/dave-ide-4.4.2-64bit/eclipse/arm-gcc-49/bin/../lib/gcc/arm-none-eabi/4.9.3/armv7e-m\libgcc.a(_udivdi3.o)
                              c:/davev4-64bit/dave-ide-4.4.2-64bit/eclipse/arm-gcc-49/bin/../lib/gcc/arm-none-eabi/4.9.3/armv7e-m\libgcc.a(bpabi.o) (__udivdi3)
c:/davev4-64bit/dave-ide-4.4.2-64bit/eclipse/arm-gcc-49/bin/../lib/gcc/arm-none-eabi/4.9.3/../../../../arm-none-eabi/lib/armv7e-m\libg_nano.a(lib_a-init.o)
                              ./Startup/startup_XMC4500.o (__libc_init_array)
c:/davev4-64bit/dave-ide-4.4.2-64bit/eclipse/arm-gcc-49/bin/../lib/gcc/arm-none-eabi/4.9.3/../../../../arm-none-eabi/lib/armv7e-m\libg_nano.a(lib_a-memcpy.o)
                              ./Libraries/XMCLib/src/xmc_eth_mac.o (memcpy)
c:/davev4-64bit/dave-ide-4.4.2-64bit/eclipse/arm-gcc-49/bin/../lib/gcc/arm-none-eabi/4.9.3/../../../../arm-none-eabi/lib/armv7e-m\libg_nano.a(lib_a-memset.o)
                              ./Libraries/XMCLib/src/xmc_usbd.o (memset)
c:/davev4-64bit/dave-ide-4.4.2-64bit/eclipse/arm-gcc-49/bin/../lib/gcc/arm-none-eabi/4.9.3/../../../../arm-none-eabi/lib/armv7e-m\libg_nano.a(lib_a-nano-vfprintf_float.o)
                              (_printf_float)
c:/davev4-64bit/dave-ide-4.4.2-64bit/eclipse/arm-gcc-49/bin/../lib/gcc/arm-none-eabi/4.9.3/../../../../arm-none-eabi/lib/armv7e-m\libg_nano.a(lib_a-nano-vfprintf_i.o)
                              c:/davev4-64bit/dave-ide-4.4.2-64bit/eclipse/arm-gcc-49/bin/../lib/gcc/arm-none-eabi/4.9.3/../../../../arm-none-eabi/lib/armv7e-m\libg_nano.a(lib_a-nano-vfprintf_float.o) (_printf_common)
c:/davev4-64bit/dave-ide-4.4.2-64bit/eclipse/arm-gcc-49/bin/../lib/gcc/arm-none-eabi/4.9.3/../../../../arm-none-eabi/lib/armv7e-m\libg_nano.a(lib_a-s_fpclassify.o)
                              c:/davev4-64bit/dave-ide-4.4.2-64bit/eclipse/arm-gcc-49/bin/../lib/gcc/arm-none-eabi/4.9.3/../../../../arm-none-eabi/lib/armv7e-m\libg_nano.a(lib_a-nano-vfprintf_float.o) (__fpclassifyd)
c:/davev4-64bit/dave-ide-4.4.2-64bit/eclipse/arm-gcc-49/bin/../lib/gcc/arm-none-eabi/4.9.3/../../../../arm-none-eabi/lib/armv7e-m\libg_nano.a(lib_a-sprintf.o)
                              ./Source/INIT.o (sprintf)
c:/davev4-64bit/dave-ide-4.4.2-64bit/eclipse/arm-gcc-49/bin/../lib/gcc/arm-none-eabi/4.9.3/../../../../arm-none-eabi/lib/armv7e-m\libg_nano.a(lib_a-strlen.o)
                              c:/davev4-64bit/dave-ide-4.4.2-64bit/eclipse/arm-gcc-49/bin/../lib/gcc/arm-none-eabi/4.9.3/../../../../arm-none-eabi/lib/armv7e-m\libg_nano.a(lib_a-nano-vfprintf_float.o) (strlen)
[...]
Memory Configuration

Name             Origin             Length             Attributes
FLASH_1_cached   0x08000000         0x00100000         xr
FLASH_1_uncached 0x0c000000         0x00100000         xr
PSRAM_1          0x10000000         0x00010000         !xr
DSRAM_1_system   0x20000000         0x00010000         !xr
DSRAM_2_comm     0x30000000         0x00008000         !xr
*default*        0x00000000         0xffffffff

Linker script and memory map

LOAD ./Startup/startup_XMC4500.o
LOAD ./Startup/system_XMC4500.o
LOAD ./Source/Has_Misc.o
LOAD ./Source/INIT.o
LOAD ./Sensors/LM76.o
LOAD ./Libraries/XMCLib/src/xmc4_eru.o
LOAD ./Libraries/XMCLib/src/xmc4_flash.o
LOAD ./Libraries/XMCLib/src/xmc4_gpio.o
LOAD ./Libraries/XMCLib/src/xmc4_rtc.o
LOAD ./Libraries/XMCLib/src/xmc4_scu.o
LOAD ./Libraries/XMCLib/src/xmc4_usic.o
LOAD ./Libraries/XMCLib/src/xmc_can.o
LOAD ./Libraries/XMCLib/src/xmc_ccu4.o
LOAD ./Libraries/XMCLib/src/xmc_ccu8.o
LOAD ./Libraries/XMCLib/src/xmc_common.o
LOAD ./Libraries/XMCLib/src/xmc_dac.o
LOAD ./Libraries/XMCLib/src/xmc_dma.o
LOAD ./Libraries/XMCLib/src/xmc_dsd.o
LOAD ./Libraries/XMCLib/src/xmc_ebu.o
LOAD ./Libraries/XMCLib/src/xmc_eru.o
LOAD ./Libraries/XMCLib/src/xmc_eth_mac.o
LOAD ./Libraries/XMCLib/src/xmc_fce.o
LOAD ./Libraries/XMCLib/src/xmc_gpio.o
LOAD ./Libraries/XMCLib/src/xmc_hrpwm.o
LOAD ./Libraries/XMCLib/src/xmc_i2c.o
LOAD ./Libraries/XMCLib/src/xmc_ledts.o
LOAD ./Libraries/XMCLib/src/xmc_posif.o
LOAD ./Libraries/XMCLib/src/xmc_rtc.o
LOAD ./Libraries/XMCLib/src/xmc_sdmmc.o
LOAD ./Libraries/XMCLib/src/xmc_spi.o
LOAD ./Libraries/XMCLib/src/xmc_uart.o
LOAD ./Libraries/XMCLib/src/xmc_usbd.o
LOAD ./Libraries/XMCLib/src/xmc_usic.o
LOAD ./Libraries/XMCLib/src/xmc_vadc.o
LOAD ./Libraries/XMCLib/src/xmc_wdt.o
LOAD ./Libraries/Newlib/syscalls.o
LOAD ./HAL/HAL_i2c.o
LOAD ./Dave/Generated/TIMER/timer.o
LOAD ./Dave/Generated/TIMER/timer_conf.o
LOAD ./Dave/Generated/SYSTIMER/systimer.o
LOAD ./Dave/Generated/SYSTIMER/systimer_conf.o
LOAD ./Dave/Generated/RTC/rtc.o
LOAD ./Dave/Generated/RTC/rtc_conf.o
LOAD ./Dave/Generated/INTERRUPT/interrupt.o
LOAD ./Dave/Generated/INTERRUPT/interrupt_conf.o
LOAD ./Dave/Generated/I2C_MASTER/i2c_master.o
LOAD ./Dave/Generated/I2C_MASTER/i2c_master_conf.o
LOAD ./Dave/Generated/GLOBAL_SCU_XMC4/global_scu_xmc4.o
LOAD ./Dave/Generated/GLOBAL_SCU_XMC4/global_scu_xmc4_conf.o
LOAD ./Dave/Generated/GLOBAL_CCU4/global_ccu4.o
LOAD ./Dave/Generated/GLOBAL_CCU4/global_ccu4_conf.o
LOAD ./Dave/Generated/GLOBAL_ADC/global_adc.o
LOAD ./Dave/Generated/GLOBAL_ADC/global_adc_conf.o
LOAD ./Dave/Generated/DIGITAL_IO/digital_io.o
LOAD ./Dave/Generated/DIGITAL_IO/digital_io_conf.o
LOAD ./Dave/Generated/CPU_CTRL_XMC4/cpu_ctrl_xmc4.o
LOAD ./Dave/Generated/CPU_CTRL_XMC4/cpu_ctrl_xmc4_conf.o
LOAD ./Dave/Generated/CLOCK_XMC4/clock_xmc4.o
LOAD ./Dave/Generated/CLOCK_XMC4/clock_xmc4_conf.o
LOAD ./Dave/Generated/BUS_IO/bus_io.o
LOAD ./Dave/Generated/BUS_IO/bus_io_conf.o
LOAD ./Dave/Generated/DAVE.o
LOAD ./Actors_Displays/LCD.o
LOAD ./main.o
LOAD c:/davev4-64bit/dave-ide-4.4.2-64bit/eclipse/arm-gcc-49/bin/../lib/gcc/arm-none-eabi/4.9.3/../../../../arm-none-eabi/lib/armv7e-m\libm.a
START GROUP
LOAD c:/davev4-64bit/dave-ide-4.4.2-64bit/eclipse/arm-gcc-49/bin/../lib/gcc/arm-none-eabi/4.9.3/armv7e-m\libgcc.a
LOAD c:/davev4-64bit/dave-ide-4.4.2-64bit/eclipse/arm-gcc-49/bin/../lib/gcc/arm-none-eabi/4.9.3/../../../../arm-none-eabi/lib/armv7e-m\libg_nano.a
LOAD c:/davev4-64bit/dave-ide-4.4.2-64bit/eclipse/arm-gcc-49/bin/../lib/gcc/arm-none-eabi/4.9.3/../../../../arm-none-eabi/lib/armv7e-m\libc_nano.a
END GROUP
START GROUP
LOAD c:/davev4-64bit/dave-ide-4.4.2-64bit/eclipse/arm-gcc-49/bin/../lib/gcc/arm-none-eabi/4.9.3/armv7e-m\libgcc.a
LOAD c:/davev4-64bit/dave-ide-4.4.2-64bit/eclipse/arm-gcc-49/bin/../lib/gcc/arm-none-eabi/4.9.3/../../../../arm-none-eabi/lib/armv7e-m\libc_nano.a
END GROUP
                0x00000800                stack_size = 0x800

.text           0x08000000     0x7b44 load address 0x0c000000
                0x08000000                sText = .
 *(.reset)
 .reset         0x08000000      0x2b4 ./Startup/startup_XMC4500.o
                0x08000000                __Vectors
                0x08000200                Reset_Handler
                0x080002b0                DSD0_7_IRQHandler
                0x080002b0                DebugMon_Handler
                0x080002b0                VADC0_C0_0_IRQHandler
                0x080002b0                CAN0_4_IRQHandler
                0x080002b0                VADC0_G2_0_IRQHandler
                0x080002b0                USIC0_5_IRQHandler
                0x080002b0                POSIF0_0_IRQHandler
                0x080002b0                POSIF1_0_IRQHandler
                0x080002b0                HardFault_Handler
                0x080002b0                VADC0_G1_1_IRQHandler
                0x080002b0                PendSV_Handler
                0x080002b0                NMI_Handler
                0x080002b0                USIC1_3_IRQHandler
                0x080002b0                CCU40_2_IRQHandler
                0x080002b0                ERU0_0_IRQHandler
                0x080002b0                CCU41_0_IRQHandler
                0x080002b0                USIC1_5_IRQHandler
                0x080002b0                DSD0_4_IRQHandler
                0x080002b0                CCU80_1_IRQHandler
                0x080002b0                CCU81_0_IRQHandler
                0x080002b0                UsageFault_Handler
                0x080002b0                USIC0_0_IRQHandler
                0x080002b0                POSIF1_1_IRQHandler
                0x080002b0                ERU0_2_IRQHandler
                0x080002b0                CCU81_1_IRQHandler
                0x080002b0                ERU1_1_IRQHandler
                0x080002b0                VADC0_G2_3_IRQHandler
                0x080002b0                VADC0_G2_2_IRQHandler
                0x080002b0                CCU42_3_IRQHandler
                0x080002b0                ERU0_3_IRQHandler
                0x080002b0                DSD0_5_IRQHandler
                0x080002b0                VADC0_C0_3_IRQHandler
                0x080002b0                CAN0_6_IRQHandler
                0x080002b0                CCU43_0_IRQHandler
                0x080002b0                VADC0_G0_1_IRQHandler
                0x080002b0                CCU81_2_IRQHandler
                0x080002b0                USIC2_4_IRQHandler
                0x080002b0                CCU81_3_IRQHandler
                0x080002b0                CCU42_1_IRQHandler
                0x080002b0                USIC1_1_IRQHandler
                0x080002b0                USIC2_5_IRQHandler
                0x080002b0                CCU40_0_IRQHandler
                0x080002b0                CAN0_0_IRQHandler
                0x080002b0                ERU1_0_IRQHandler
                0x080002b0                CCU42_2_IRQHandler
                0x080002b0                Default_Handler
                0x080002b0                USIC1_4_IRQHandler
                0x080002b0                ERU1_3_IRQHandler
                0x080002b0                USIC1_0_IRQHandler
                0x080002b0                POSIF0_1_IRQHandler
                0x080002b0                VADC0_G0_0_IRQHandler
                0x080002b0                DSD0_2_IRQHandler
                0x080002b0                CCU80_3_IRQHandler
                0x080002b0                CCU41_3_IRQHandler
                0x080002b0                CCU80_2_IRQHandler
                0x080002b0                VADC0_G1_3_IRQHandler
                0x080002b0                VADC0_G0_3_IRQHandler
                0x080002b0                GPDMA0_0_IRQHandler
                0x080002b0                PMU0_0_IRQHandler
                0x080002b0                CAN0_7_IRQHandler
                0x080002b0                DSD0_1_IRQHandler
                0x080002b0                CCU41_2_IRQHandler
                0x080002b0                VADC0_C0_1_IRQHandler
                0x080002b0                CCU43_2_IRQHandler
                0x080002b0                MemManage_Handler
                0x080002b0                VADC0_G3_1_IRQHandler
                0x080002b0                DAC0_0_IRQHandler
                0x080002b0                SVC_Handler
                0x080002b0                VADC0_G3_3_IRQHandler
                0x080002b0                ERU1_2_IRQHandler
                0x080002b0                CCU41_1_IRQHandler
                0x080002b0                DSD0_6_IRQHandler
                0x080002b0                VADC0_G1_2_IRQHandler
                0x080002b0                CAN0_2_IRQHandler
                0x080002b0                USIC2_0_IRQHandler
                0x080002b0                VADC0_G0_2_IRQHandler
                0x080002b0                VADC0_G2_1_IRQHandler
                0x080002b0                CAN0_3_IRQHandler
                0x080002b0                ETH0_0_IRQHandler
                0x080002b0                USIC0_3_IRQHandler
                0x080002b0                DSD0_0_IRQHandler
                0x080002b0                VADC0_C0_2_IRQHandler
                0x080002b0                CCU42_0_IRQHandler
                0x080002b0                FCE0_0_IRQHandler
                0x080002b0                VADC0_G1_0_IRQHandler
                0x080002b0                USB0_0_IRQHandler
                0x080002b0                CAN0_5_IRQHandler
                0x080002b0                CCU80_0_IRQHandler
                0x080002b0                CCU40_1_IRQHandler
                0x080002b0                USIC2_1_IRQHandler
                0x080002b0                USIC0_1_IRQHandler
                0x080002b0                VADC0_G3_2_IRQHandler
                0x080002b0                CCU40_3_IRQHandler
                0x080002b0                BusFault_Handler
                0x080002b0                LEDTS0_0_IRQHandler
                0x080002b0                USIC0_4_IRQHandler
                0x080002b0                CCU43_3_IRQHandler
                0x080002b0                ERU0_1_IRQHandler
                0x080002b0                VADC0_G3_0_IRQHandler
                0x080002b0                USIC1_2_IRQHandler
                0x080002b0                DSD0_3_IRQHandler
                0x080002b0                SDMMC0_0_IRQHandler
                0x080002b0                CAN0_1_IRQHandler
                0x080002b0                USIC0_2_IRQHandler
                0x080002b0                DAC0_1_IRQHandler
                0x080002b0                GPDMA1_0_IRQHandler
 *(.text .text.* .gnu.linkonce.t.*)
 .text.SystemInit
                0x080002b4       0x20 ./Startup/system_XMC4500.o
                0x080002b4                SystemInit
 .text.SystemCoreSetup
                0x080002d4       0x60 ./Startup/system_XMC4500.o
                0x080002d4                SystemCoreSetup
 .text.SystemCoreClockUpdate
                0x08000334       0xd4 ./Startup/system_XMC4500.o
                0x08000334                SystemCoreClockUpdate
 .text.RTC_Start
                0x08000408        0xc ./Source/Has_Misc.o
 .text.RTC_Stop
                0x08000414        0xc ./Source/Has_Misc.o
 .text.MAINLOOP_IRQ
                0x08000420       0x20 ./Source/Has_Misc.o
                0x08000420                MAINLOOP_IRQ
 .text.CCU43_1_IRQHandler
                0x08000440       0x20 ./Source/Has_Misc.o
                0x08000440                CCU43_1_IRQHandler
 .text.delay100us
                0x08000460       0x44 ./Source/Has_Misc.o
                0x08000460                delay100us
 .text.RTC_Time_Handler
                0x080004a4       0x30 ./Source/Has_Misc.o
                0x080004a4                RTC_Time_Handler
 .text.RTC_init
                0x080004d4       0x58 ./Source/Has_Misc.o
                0x080004d4                RTC_init
 .text.init     0x0800052c       0x8c ./Source/INIT.o
                0x0800052c                init
 .text.read_LM76
                0x080005b8      0x18c ./Sensors/LM76.o
                0x080005b8                read_LM76
 .text.update_LM76
                0x08000744       0xb4 ./Sensors/LM76.o
                0x08000744                update_LM76
 .text.XMC_GPIO_Init
                0x080007f8      0x140 ./Libraries/XMCLib/src/xmc4_gpio.o
                0x080007f8                XMC_GPIO_Init
 .text.XMC_RTC_IsRunning
                0x08000938       0x24 ./Libraries/XMCLib/src/xmc4_rtc.o
 .text.XMC_SCU_GetMirrorStatus
                0x0800095c       0x18 ./Libraries/XMCLib/src/xmc4_rtc.o
 .text.XMC_RTC_Init
                0x08000974       0xa4 ./Libraries/XMCLib/src/xmc4_rtc.o
                0x08000974                XMC_RTC_Init
 .text.XMC_RTC_EnableEvent
                0x08000a18       0x30 ./Libraries/XMCLib/src/xmc4_rtc.o
                0x08000a18                XMC_RTC_EnableEvent
 .text.XMC_SCU_CLOCK_GetCpuClockFrequency
                0x08000a48       0x18 ./Libraries/XMCLib/src/xmc4_scu.o
 .text.XMC_SCU_lDelay
                0x08000a60       0x44 ./Libraries/XMCLib/src/xmc4_scu.o
 .text.XMC_SCU_INTERRUPT_EnableEvent
                0x08000aa4       0x24 ./Libraries/XMCLib/src/xmc4_scu.o
                0x08000aa4                XMC_SCU_INTERRUPT_EnableEvent
 .text.XMC_SCU_INTERUPT_GetEventStatus
                0x08000ac8       0x18 ./Libraries/XMCLib/src/xmc4_scu.o
                0x08000ac8                XMC_SCU_INTERUPT_GetEventStatus
 .text.XMC_SCU_INTERRUPT_ClearEventStatus
                0x08000ae0       0x24 ./Libraries/XMCLib/src/xmc4_scu.o
                0x08000ae0                XMC_SCU_INTERRUPT_ClearEventStatus
 .text.XMC_SCU_CLOCK_Init
                0x08000b04       0xbc ./Libraries/XMCLib/src/xmc4_scu.o
                0x08000b04                XMC_SCU_CLOCK_Init
 .text.XMC_SCU_RESET_DeassertPeripheralReset
                0x08000bc0       0x3c ./Libraries/XMCLib/src/xmc4_scu.o
                0x08000bc0                XMC_SCU_RESET_DeassertPeripheralReset
 .text.XMC_SCU_CLOCK_GetPeripheralClockFrequency
                0x08000bfc       0x20 ./Libraries/XMCLib/src/xmc4_scu.o
                0x08000bfc                XMC_SCU_CLOCK_GetPeripheralClockFrequency
 .text.XMC_SCU_CLOCK_SetSystemClockSource
                0x08000c1c       0x28 ./Libraries/XMCLib/src/xmc4_scu.o
                0x08000c1c                XMC_SCU_CLOCK_SetSystemClockSource
 .text.XMC_SCU_CLOCK_SetUsbClockSource
                0x08000c44       0x28 ./Libraries/XMCLib/src/xmc4_scu.o
                0x08000c44                XMC_SCU_CLOCK_SetUsbClockSource
 .text.XMC_SCU_CLOCK_SetWdtClockSource
                0x08000c6c       0x28 ./Libraries/XMCLib/src/xmc4_scu.o
                0x08000c6c                XMC_SCU_CLOCK_SetWdtClockSource
 .text.XMC_SCU_CLOCK_SetSystemPllClockSource
                0x08000c94       0x40 ./Libraries/XMCLib/src/xmc4_scu.o
                0x08000c94                XMC_SCU_CLOCK_SetSystemPllClockSource
 .text.XMC_SCU_HIB_SetRtcClockSource
                0x08000cd4       0x3c ./Libraries/XMCLib/src/xmc4_scu.o
                0x08000cd4                XMC_SCU_HIB_SetRtcClockSource
 .text.XMC_SCU_HIB_SetStandbyClockSource
                0x08000d10       0x3c ./Libraries/XMCLib/src/xmc4_scu.o
                0x08000d10                XMC_SCU_HIB_SetStandbyClockSource
 .text.XMC_SCU_CLOCK_SetSystemClockDivider
                0x08000d4c       0x28 ./Libraries/XMCLib/src/xmc4_scu.o
                0x08000d4c                XMC_SCU_CLOCK_SetSystemClockDivider
 .text.XMC_SCU_CLOCK_SetCcuClockDivider
                0x08000d74       0x28 ./Libraries/XMCLib/src/xmc4_scu.o
                0x08000d74                XMC_SCU_CLOCK_SetCcuClockDivider
 .text.XMC_SCU_CLOCK_SetCpuClockDivider
                0x08000d9c       0x28 ./Libraries/XMCLib/src/xmc4_scu.o
                0x08000d9c                XMC_SCU_CLOCK_SetCpuClockDivider
 .text.XMC_SCU_CLOCK_SetPeripheralClockDivider
                0x08000dc4       0x28 ./Libraries/XMCLib/src/xmc4_scu.o
                0x08000dc4                XMC_SCU_CLOCK_SetPeripheralClockDivider
 .text.XMC_SCU_CLOCK_SetUsbClockDivider
                0x08000dec       0x28 ./Libraries/XMCLib/src/xmc4_scu.o
                0x08000dec                XMC_SCU_CLOCK_SetUsbClockDivider
 .text.XMC_SCU_CLOCK_SetEbuClockDivider
                0x08000e14       0x28 ./Libraries/XMCLib/src/xmc4_scu.o
                0x08000e14                XMC_SCU_CLOCK_SetEbuClockDivider
 .text.XMC_SCU_CLOCK_SetWdtClockDivider
                0x08000e3c       0x28 ./Libraries/XMCLib/src/xmc4_scu.o
                0x08000e3c                XMC_SCU_CLOCK_SetWdtClockDivider
 .text.XMC_SCU_CLOCK_EnableClock
                0x08000e64       0x20 ./Libraries/XMCLib/src/xmc4_scu.o
                0x08000e64                XMC_SCU_CLOCK_EnableClock
 .text.XMC_SCU_CLOCK_StartUsbPll
                0x08000e84       0x74 ./Libraries/XMCLib/src/xmc4_scu.o
                0x08000e84                XMC_SCU_CLOCK_StartUsbPll
 .text.XMC_SCU_CLOCK_SetBackupClockCalibrationMode
                0x08000ef8       0x4c ./Libraries/XMCLib/src/xmc4_scu.o
                0x08000ef8                XMC_SCU_CLOCK_SetBackupClockCalibrationMode
 .text.XMC_SCU_HIB_EnableHibernateDomain
                0x08000f44       0x54 ./Libraries/XMCLib/src/xmc4_scu.o
                0x08000f44                XMC_SCU_HIB_EnableHibernateDomain
 .text.XMC_SCU_HIB_IsHibernateDomainEnabled
                0x08000f98       0x3c ./Libraries/XMCLib/src/xmc4_scu.o
                0x08000f98                XMC_SCU_HIB_IsHibernateDomainEnabled
 .text.XMC_SCU_CLOCK_EnableLowPowerOscillator
                0x08000fd4       0x74 ./Libraries/XMCLib/src/xmc4_scu.o
                0x08000fd4                XMC_SCU_CLOCK_EnableLowPowerOscillator
 .text.XMC_SCU_CLOCK_EnableHighPerformanceOscillator
                0x08001048       0x60 ./Libraries/XMCLib/src/xmc4_scu.o
                0x08001048                XMC_SCU_CLOCK_EnableHighPerformanceOscillator
 .text.XMC_SCU_CLOCK_EnableSystemPll
                0x080010a8       0x20 ./Libraries/XMCLib/src/xmc4_scu.o
                0x080010a8                XMC_SCU_CLOCK_EnableSystemPll
 .text.XMC_SCU_CLOCK_DisableSystemPll
                0x080010c8       0x20 ./Libraries/XMCLib/src/xmc4_scu.o
                0x080010c8                XMC_SCU_CLOCK_DisableSystemPll
 .text.XMC_SCU_CLOCK_StartSystemPll
                0x080010e8      0x198 ./Libraries/XMCLib/src/xmc4_scu.o
                0x080010e8                XMC_SCU_CLOCK_StartSystemPll
 .text.XMC_SCU_CLOCK_StepSystemPllFrequency
                0x08001280       0x2c ./Libraries/XMCLib/src/xmc4_scu.o
                0x08001280                XMC_SCU_CLOCK_StepSystemPllFrequency
 .text.XMC_SCU_INTERRUPT_SetEventHandler
                0x080012ac       0x58 ./Libraries/XMCLib/src/xmc4_scu.o
                0x080012ac                XMC_SCU_INTERRUPT_SetEventHandler
 .text.XMC_SCU_IRQHandler
                0x08001304       0x60 ./Libraries/XMCLib/src/xmc4_scu.o
                0x08001304                XMC_SCU_IRQHandler
 .text.XMC_USIC_Enable
                0x08001364       0x54 ./Libraries/XMCLib/src/xmc4_usic.o
                0x08001364                XMC_USIC_Enable
 .text.XMC_CCU4_EnableModule
                0x080013b8       0x1c ./Libraries/XMCLib/src/xmc_ccu4.o
                0x080013b8                XMC_CCU4_EnableModule
 .text.XMC_CCU4_Init
                0x080013d4       0x38 ./Libraries/XMCLib/src/xmc_ccu4.o
                0x080013d4                XMC_CCU4_Init
 .text.XMC_CCU4_SLICE_CompareInit
                0x0800140c       0x6c ./Libraries/XMCLib/src/xmc_ccu4.o
                0x0800140c                XMC_CCU4_SLICE_CompareInit
 .text.XMC_CCU4_EnableShadowTransfer
                0x08001478       0x20 ./Libraries/XMCLib/src/xmc_ccu4.o
                0x08001478                XMC_CCU4_EnableShadowTransfer
 .text.XMC_CCU4_SLICE_GetEvent
                0x08001498       0x34 ./Libraries/XMCLib/src/xmc_ccu4.o
                0x08001498                XMC_CCU4_SLICE_GetEvent
 .text.XMC_CCU4_SLICE_SetInterruptNode
                0x080014cc       0xb0 ./Libraries/XMCLib/src/xmc_ccu4.o
                0x080014cc                XMC_CCU4_SLICE_SetInterruptNode
 .text.XMC_CCU4_lDeassertReset
                0x0800157c       0x54 ./Libraries/XMCLib/src/xmc_ccu4.o
                0x0800157c                XMC_CCU4_lDeassertReset
 .text.XMC_USIC_CH_GetTransmitBufferStatus
                0x080015d0       0x20 ./Libraries/XMCLib/src/xmc_i2c.o
 .text.XMC_I2C_CH_ClearStatusFlag
                0x080015f0       0x20 ./Libraries/XMCLib/src/xmc_i2c.o
 .text.XMC_I2C_CH_Init
                0x08001610       0x50 ./Libraries/XMCLib/src/xmc_i2c.o
                0x08001610                XMC_I2C_CH_Init
 .text.XMC_I2C_CH_SetSlaveAddress
                0x08001660       0x34 ./Libraries/XMCLib/src/xmc_i2c.o
                0x08001660                XMC_I2C_CH_SetSlaveAddress
 .text.XMC_I2C_CH_SetBaudrate
                0x08001694       0x6c ./Libraries/XMCLib/src/xmc_i2c.o
                0x08001694                XMC_I2C_CH_SetBaudrate
 .text.XMC_I2C_CH_MasterStart
                0x08001700       0x68 ./Libraries/XMCLib/src/xmc_i2c.o
                0x08001700                XMC_I2C_CH_MasterStart
 .text.XMC_I2C_CH_MasterRepeatedStart
                0x08001768       0x68 ./Libraries/XMCLib/src/xmc_i2c.o
                0x08001768                XMC_I2C_CH_MasterRepeatedStart
 .text.XMC_I2C_CH_MasterStop
                0x080017d0       0x4c ./Libraries/XMCLib/src/xmc_i2c.o
                0x080017d0                XMC_I2C_CH_MasterStop
 .text.XMC_I2C_CH_MasterTransmit
                0x0800181c       0x4c ./Libraries/XMCLib/src/xmc_i2c.o
                0x0800181c                XMC_I2C_CH_MasterTransmit
 .text.XMC_I2C_CH_MasterReceiveAck
                0x08001868       0x4c ./Libraries/XMCLib/src/xmc_i2c.o
                0x08001868                XMC_I2C_CH_MasterReceiveAck
 .text.XMC_I2C_CH_MasterReceiveNack
                0x080018b4       0x4c ./Libraries/XMCLib/src/xmc_i2c.o
                0x080018b4                XMC_I2C_CH_MasterReceiveNack
 .text.XMC_I2C_CH_GetReceivedData
                0x08001900       0x34 ./Libraries/XMCLib/src/xmc_i2c.o
                0x08001900                XMC_I2C_CH_GetReceivedData
 .text.XMC_I2C_CH_EnableEvent
                0x08001934       0x38 ./Libraries/XMCLib/src/xmc_i2c.o
                0x08001934                XMC_I2C_CH_EnableEvent
 .text.XMC_I2C_CH_DisableEvent
                0x0800196c       0x3c ./Libraries/XMCLib/src/xmc_i2c.o
                0x0800196c                XMC_I2C_CH_DisableEvent
 .text.XMC_SCU_GetMirrorStatus
                0x080019a8       0x18 ./Libraries/XMCLib/src/xmc_rtc.o
 .text.XMC_RTC_Start
                0x080019c0       0x28 ./Libraries/XMCLib/src/xmc_rtc.o
                0x080019c0                XMC_RTC_Start
 .text.XMC_RTC_Stop
                0x080019e8       0x28 ./Libraries/XMCLib/src/xmc_rtc.o
                0x080019e8                XMC_RTC_Stop
 .text.XMC_RTC_SetPrescaler
                0x08001a10       0x34 ./Libraries/XMCLib/src/xmc_rtc.o
                0x08001a10                XMC_RTC_SetPrescaler
 .text.XMC_RTC_SetTime
                0x08001a44       0x44 ./Libraries/XMCLib/src/xmc_rtc.o
                0x08001a44                XMC_RTC_SetTime
 .text.XMC_RTC_GetTime
                0x08001a88       0x28 ./Libraries/XMCLib/src/xmc_rtc.o
                0x08001a88                XMC_RTC_GetTime
 .text.XMC_USIC_CH_Enable
                0x08001ab0       0x98 ./Libraries/XMCLib/src/xmc_usic.o
                0x08001ab0                XMC_USIC_CH_Enable
 .text.XMC_USIC_CH_SetBaudrate
                0x08001b48       0xe0 ./Libraries/XMCLib/src/xmc_usic.o
                0x08001b48                XMC_USIC_CH_SetBaudrate
 .text.XMC_USIC_CH_TXFIFO_Configure
                0x08001c28       0x50 ./Libraries/XMCLib/src/xmc_usic.o
                0x08001c28                XMC_USIC_CH_TXFIFO_Configure
 .text.XMC_USIC_CH_RXFIFO_Configure
                0x08001c78       0x54 ./Libraries/XMCLib/src/xmc_usic.o
                0x08001c78                XMC_USIC_CH_RXFIFO_Configure
 .text.XMC_USIC_CH_RXFIFO_SetSizeTriggerLimit
                0x08001ccc       0x44 ./Libraries/XMCLib/src/xmc_usic.o
                0x08001ccc                XMC_USIC_CH_RXFIFO_SetSizeTriggerLimit
 .text.XMC_USIC_CH_SetInterruptNodePointer
                0x08001d10       0x38 ./Libraries/XMCLib/src/xmc_usic.o
                0x08001d10                XMC_USIC_CH_SetInterruptNodePointer
 .text.XMC_USIC_CH_TXFIFO_SetInterruptNodePointer
                0x08001d48       0x3c ./Libraries/XMCLib/src/xmc_usic.o
                0x08001d48                XMC_USIC_CH_TXFIFO_SetInterruptNodePointer
 .text.XMC_USIC_CH_RXFIFO_SetInterruptNodePointer
                0x08001d84       0x3c ./Libraries/XMCLib/src/xmc_usic.o
                0x08001d84                XMC_USIC_CH_RXFIFO_SetInterruptNodePointer
 .text.XMC_VADC_GROUP_ExternalMuxControlInit
                0x08001dc0       0x6c ./Libraries/XMCLib/src/xmc_vadc.o
 .text.XMC_VADC_GLOBAL_EnableModule
                0x08001e2c        0xc ./Libraries/XMCLib/src/xmc_vadc.o
                0x08001e2c                XMC_VADC_GLOBAL_EnableModule
 .text.XMC_VADC_GLOBAL_Init
                0x08001e38       0x54 ./Libraries/XMCLib/src/xmc_vadc.o
                0x08001e38                XMC_VADC_GLOBAL_Init
 .text.XMC_VADC_GLOBAL_StartupCalibration
                0x08001e8c       0x60 ./Libraries/XMCLib/src/xmc_vadc.o
                0x08001e8c                XMC_VADC_GLOBAL_StartupCalibration
 .text.XMC_VADC_GROUP_Init
                0x08001eec       0x68 ./Libraries/XMCLib/src/xmc_vadc.o
                0x08001eec                XMC_VADC_GROUP_Init
 .text.XMC_VADC_GROUP_InputClassInit
                0x08001f54       0xb8 ./Libraries/XMCLib/src/xmc_vadc.o
                0x08001f54                XMC_VADC_GROUP_InputClassInit
 .text.XMC_VADC_GROUP_SetPowerMode
                0x0800200c       0x38 ./Libraries/XMCLib/src/xmc_vadc.o
                0x0800200c                XMC_VADC_GROUP_SetPowerMode
 .text._sbrk    0x08002044       0x70 ./Libraries/Newlib/syscalls.o
                0x08002044                _sbrk
 .text._init    0x080020b4        0xc ./Libraries/Newlib/syscalls.o
                0x080020b4                _init
 .text.SW_IRQ_1
                0x080020c0       0x34 ./HAL/HAL_i2c.o
                0x080020c0                SW_IRQ_1
 .text.Soft_WDG_1
                0x080020f4       0x30 ./HAL/HAL_i2c.o
                0x080020f4                Soft_WDG_1
 .text.tx_callback_0
                0x08002124       0x1c ./HAL/HAL_i2c.o
                0x08002124                tx_callback_0
 .text.rx_callback_0
                0x08002140       0x1c ./HAL/HAL_i2c.o
                0x08002140                rx_callback_0
 .text.XMC_CCU4_EnableClock
                0x0800215c       0x28 ./Dave/Generated/TIMER/timer.o
 .text.XMC_CCU4_SLICE_IsTimerRunning
                0x08002184       0x28 ./Dave/Generated/TIMER/timer.o
 .text.XMC_CCU4_SLICE_StartTimer
                0x080021ac       0x18 ./Dave/Generated/TIMER/timer.o
 .text.XMC_CCU4_SLICE_StopTimer
                0x080021c4       0x20 ./Dave/Generated/TIMER/timer.o
 .text.XMC_CCU4_SLICE_ClearTimer
                0x080021e4       0x20 ./Dave/Generated/TIMER/timer.o
 .text.XMC_CCU4_SLICE_SetTimerPeriodMatch
                0x08002204       0x1c ./Dave/Generated/TIMER/timer.o
 .text.XMC_CCU4_SLICE_SetTimerCompareMatch
                0x08002220       0x1c ./Dave/Generated/TIMER/timer.o
 .text.XMC_CCU4_SLICE_EnableEvent
                0x0800223c       0x2c ./Dave/Generated/TIMER/timer.o
 .text.XMC_CCU4_SLICE_ClearEvent
                0x08002268       0x2c ./Dave/Generated/TIMER/timer.o
 .text.TIMER_Init
                0x08002294       0x3c ./Dave/Generated/TIMER/timer.o
                0x08002294                TIMER_Init
 .text.TIMER_Start
                0x080022d0       0x3c ./Dave/Generated/TIMER/timer.o
                0x080022d0                TIMER_Start
 .text.TIMER_Stop
                0x0800230c       0x48 ./Dave/Generated/TIMER/timer.o
                0x0800230c                TIMER_Stop
 .text.TIMER_GetTimerStatus
                0x08002354       0x30 ./Dave/Generated/TIMER/timer.o
                0x08002354                TIMER_GetTimerStatus
 .text.TIMER_GetInterruptStatus
                0x08002384       0x30 ./Dave/Generated/TIMER/timer.o
                0x08002384                TIMER_GetInterruptStatus
 .text.TIMER_ClearEvent
                0x080023b4       0x24 ./Dave/Generated/TIMER/timer.o
                0x080023b4                TIMER_ClearEvent
 .text.TIMER_CCU4_lInit
                0x080023d8       0x98 ./Dave/Generated/TIMER/timer.o
                0x080023d8                TIMER_CCU4_lInit
 .text.TIMER_CCU4_lShadowTransfer
                0x08002470       0x3c ./Dave/Generated/TIMER/timer.o
                0x08002470                TIMER_CCU4_lShadowTransfer
 .text.NVIC_GetPriorityGrouping
                0x080024ac       0x1c ./Dave/Generated/SYSTIMER/systimer.o
 .text.NVIC_SetPriority
                0x080024c8       0x54 ./Dave/Generated/SYSTIMER/systimer.o
 .text.NVIC_EncodePriority
                0x0800251c       0x68 ./Dave/Generated/SYSTIMER/systimer.o
 .text.SysTick_Config
                0x08002584       0x44 ./Dave/Generated/SYSTIMER/systimer.o
 .text.SYSTIMER_lInsertTimerList
                0x080025c8      0x1c4 ./Dave/Generated/SYSTIMER/systimer.o
 .text.SYSTIMER_lRemoveTimerList
                0x0800278c       0xc0 ./Dave/Generated/SYSTIMER/systimer.o
 .text.SYSTIMER_lTimerHandler
                0x0800284c       0xcc ./Dave/Generated/SYSTIMER/systimer.o
 .text.SysTick_Handler
                0x08002918       0x48 ./Dave/Generated/SYSTIMER/systimer.o
                0x08002918                SysTick_Handler
 .text.SYSTIMER_Init
                0x08002960       0x74 ./Dave/Generated/SYSTIMER/systimer.o
                0x08002960                SYSTIMER_Init
 .text.SYSTIMER_CreateTimer
                0x080029d4      0x13c ./Dave/Generated/SYSTIMER/systimer.o
                0x080029d4                SYSTIMER_CreateTimer
 .text.SYSTIMER_StartTimer
                0x08002b10       0x80 ./Dave/Generated/SYSTIMER/systimer.o
                0x08002b10                SYSTIMER_StartTimer
 .text.SYSTIMER_StopTimer
                0x08002b90       0x70 ./Dave/Generated/SYSTIMER/systimer.o
                0x08002b90                SYSTIMER_StopTimer
 .text.SYSTIMER_StartTimerFromISR
                0x08002c00       0x3c ./Dave/Generated/SYSTIMER/systimer.o
                0x08002c00                SYSTIMER_StartTimerFromISR
 .text.SYSTIMER_StopTimerFromISR
                0x08002c3c       0x3c ./Dave/Generated/SYSTIMER/systimer.o
                0x08002c3c                SYSTIMER_StopTimerFromISR
 .text.GLOBAL_SCU_XMC4_EnableEvent
                0x08002c78       0x14 ./Dave/Generated/RTC/rtc.o
 .text.RTC_Start
                0x08002c8c        0xc ./Dave/Generated/RTC/rtc.o
 .text.RTC_Init
                0x08002c98       0x94 ./Dave/Generated/RTC/rtc.o
                0x08002c98                RTC_Init
 .text.RTC_lConfigureInterrupts
                0x08002d2c       0x84 ./Dave/Generated/RTC/rtc.o
                0x08002d2c                RTC_lConfigureInterrupts
 .text.RTC_lRegister_Callbacks
                0x08002db0       0x50 ./Dave/Generated/RTC/rtc.o
                0x08002db0                RTC_lRegister_Callbacks
 .text.RTC_SetTime
                0x08002e00       0xd4 ./Dave/Generated/RTC/rtc.o
                0x08002e00                RTC_SetTime
 .text.RTC_GetTime
                0x08002ed4       0x50 ./Dave/Generated/RTC/rtc.o
                0x08002ed4                RTC_GetTime
 .text.NVIC_GetPriorityGrouping
                0x08002f24       0x1c ./Dave/Generated/INTERRUPT/interrupt.o
 .text.NVIC_EnableIRQ
                0x08002f40       0x30 ./Dave/Generated/INTERRUPT/interrupt.o
 .text.NVIC_SetPriority
                0x08002f70       0x54 ./Dave/Generated/INTERRUPT/interrupt.o
 .text.NVIC_EncodePriority
                0x08002fc4       0x68 ./Dave/Generated/INTERRUPT/interrupt.o
 .text.INTERRUPT_Enable
                0x0800302c       0x1c ./Dave/Generated/INTERRUPT/interrupt.o
 .text.INTERRUPT_Init
                0x08003048       0x68 ./Dave/Generated/INTERRUPT/interrupt.o
                0x08003048                INTERRUPT_Init
 .text.XMC_USIC_CH_EnableEvent
                0x080030b0       0x20 ./Dave/Generated/I2C_MASTER/i2c_master.o
 .text.XMC_USIC_CH_DisableEvent
                0x080030d0       0x24 ./Dave/Generated/I2C_MASTER/i2c_master.o
 .text.XMC_USIC_CH_GetTransmitBufferStatus
                0x080030f4       0x20 ./Dave/Generated/I2C_MASTER/i2c_master.o
 .text.XMC_USIC_CH_TriggerServiceRequest
                0x08003114       0x28 ./Dave/Generated/I2C_MASTER/i2c_master.o
 .text.XMC_USIC_CH_TXFIFO_DisableEvent
                0x0800313c       0x28 ./Dave/Generated/I2C_MASTER/i2c_master.o
 .text.XMC_USIC_CH_TXFIFO_Flush
                0x08003164       0x24 ./Dave/Generated/I2C_MASTER/i2c_master.o
 .text.XMC_USIC_CH_TXFIFO_IsFull
                0x08003188       0x28 ./Dave/Generated/I2C_MASTER/i2c_master.o
 .text.XMC_USIC_CH_TXFIFO_IsEmpty
                0x080031b0       0x28 ./Dave/Generated/I2C_MASTER/i2c_master.o
 .text.XMC_USIC_CH_RXFIFO_EnableEvent
                0x080031d8       0x24 ./Dave/Generated/I2C_MASTER/i2c_master.o
 .text.XMC_USIC_CH_RXFIFO_DisableEvent
                0x080031fc       0x28 ./Dave/Generated/I2C_MASTER/i2c_master.o
 .text.XMC_USIC_CH_RXFIFO_Flush
                0x08003224       0x24 ./Dave/Generated/I2C_MASTER/i2c_master.o
 .text.XMC_USIC_CH_RXFIFO_IsEmpty
                0x08003248       0x28 ./Dave/Generated/I2C_MASTER/i2c_master.o
 .text.XMC_I2C_CH_SetInterruptNodePointer
                0x08003270       0x20 ./Dave/Generated/I2C_MASTER/i2c_master.o
 .text.XMC_I2C_CH_GetStatusFlag
                0x08003290       0x18 ./Dave/Generated/I2C_MASTER/i2c_master.o
 .text.XMC_I2C_CH_ClearStatusFlag
                0x080032a8       0x20 ./Dave/Generated/I2C_MASTER/i2c_master.o
 .text.I2C_MASTER_Init
                0x080032c8       0x40 ./Dave/Generated/I2C_MASTER/i2c_master.o
                0x080032c8                I2C_MASTER_Init
 .text.I2C_MASTER_GetFlagStatus
                0x08003308       0x24 ./Dave/Generated/I2C_MASTER/i2c_master.o
                0x08003308                I2C_MASTER_GetFlagStatus
 .text.I2C_MASTER_ClearFlag
                0x0800332c       0x1c ./Dave/Generated/I2C_MASTER/i2c_master.o
                0x0800332c                I2C_MASTER_ClearFlag
 .text.I2C_MASTER_Transmit
                0x08003348       0xd8 ./Dave/Generated/I2C_MASTER/i2c_master.o
                0x08003348                I2C_MASTER_Transmit
 .text.I2C_MASTER_TransmitHandler
                0x08003420      0x264 ./Dave/Generated/I2C_MASTER/i2c_master.o
                0x08003420                I2C_MASTER_TransmitHandler
 .text.I2C_MASTER_lSendStop_JumpTo_TxCallback
                0x08003684       0x68 ./Dave/Generated/I2C_MASTER/i2c_master.o
 .text.I2C_MASTER_Receive
                0x080036ec       0xe0 ./Dave/Generated/I2C_MASTER/i2c_master.o
                0x080036ec                I2C_MASTER_Receive
 .text.I2C_MASTER_lReceive_FIFOData
                0x080037cc      0x138 ./Dave/Generated/I2C_MASTER/i2c_master.o
 .text.I2C_MASTER_lReceive_StdData
                0x08003904      0x118 ./Dave/Generated/I2C_MASTER/i2c_master.o
 .text.I2C_MASTER_lSendStart_Or_RepeatedStart
                0x08003a1c       0x58 ./Dave/Generated/I2C_MASTER/i2c_master.o
 .text.I2C_MASTER_ReceiveHandler
                0x08003a74      0x27c ./Dave/Generated/I2C_MASTER/i2c_master.o
                0x08003a74                I2C_MASTER_ReceiveHandler
 .text.I2C_MASTER_lSendStop_JumpTo_RxCallback
                0x08003cf0       0x64 ./Dave/Generated/I2C_MASTER/i2c_master.o
 .text.I2C_MASTER_ProtocolHandler
                0x08003d54       0x88 ./Dave/Generated/I2C_MASTER/i2c_master.o
                0x08003d54                I2C_MASTER_ProtocolHandler
 .text.I2C_MASTER_ReconfigureRxFIFO
                0x08003ddc       0x70 ./Dave/Generated/I2C_MASTER/i2c_master.o
 .text.I2C_MASTER_AbortTransmit
                0x08003e4c       0x70 ./Dave/Generated/I2C_MASTER/i2c_master.o
                0x08003e4c                I2C_MASTER_AbortTransmit
 .text.I2C_MASTER_AbortReceive
                0x08003ebc       0x70 ./Dave/Generated/I2C_MASTER/i2c_master.o
                0x08003ebc                I2C_MASTER_AbortReceive
 .text.NVIC_GetPriorityGrouping
                0x08003f2c       0x1c ./Dave/Generated/I2C_MASTER/i2c_master_conf.o
 .text.NVIC_EnableIRQ
                0x08003f48       0x30 ./Dave/Generated/I2C_MASTER/i2c_master_conf.o
 .text.NVIC_SetPriority
                0x08003f78       0x54 ./Dave/Generated/I2C_MASTER/i2c_master_conf.o
 .text.NVIC_EncodePriority
                0x08003fcc       0x68 ./Dave/Generated/I2C_MASTER/i2c_master_conf.o
 .text.XMC_USIC_CH_SetInputSource
                0x08004034       0x3c ./Dave/Generated/I2C_MASTER/i2c_master_conf.o
 .text.XMC_USIC_CH_TXFIFO_EnableEvent
                0x08004070       0x24 ./Dave/Generated/I2C_MASTER/i2c_master_conf.o
 .text.XMC_USIC_CH_RXFIFO_EnableEvent
                0x08004094       0x24 ./Dave/Generated/I2C_MASTER/i2c_master_conf.o
 .text.XMC_USIC_CH_SetMode
                0x080040b8       0x28 ./Dave/Generated/I2C_MASTER/i2c_master_conf.o
 .text.XMC_I2C_CH_Start
                0x080040e0       0x18 ./Dave/Generated/I2C_MASTER/i2c_master_conf.o
 .text.I2C_MASTER_0_init
                0x080040f8      0x100 ./Dave/Generated/I2C_MASTER/i2c_master_conf.o
                0x080040f8                I2C_MASTER_0_init
 .text.USIC2_3_IRQHandler
                0x080041f8       0x10 ./Dave/Generated/I2C_MASTER/i2c_master_conf.o
                0x080041f8                USIC2_3_IRQHandler
 .text.USIC2_2_IRQHandler
                0x08004208       0x10 ./Dave/Generated/I2C_MASTER/i2c_master_conf.o
                0x08004208                USIC2_2_IRQHandler
 .text.NVIC_GetPriorityGrouping
                0x08004218       0x1c ./Dave/Generated/GLOBAL_SCU_XMC4/global_scu_xmc4.o
 .text.NVIC_EnableIRQ
                0x08004234       0x30 ./Dave/Generated/GLOBAL_SCU_XMC4/global_scu_xmc4.o
 .text.NVIC_SetPriority
                0x08004264       0x54 ./Dave/Generated/GLOBAL_SCU_XMC4/global_scu_xmc4.o
 .text.NVIC_EncodePriority
                0x080042b8       0x68 ./Dave/Generated/GLOBAL_SCU_XMC4/global_scu_xmc4.o
 .text.GLOBAL_SCU_XMC4_Init
                0x08004320       0x78 ./Dave/Generated/GLOBAL_SCU_XMC4/global_scu_xmc4.o
                0x08004320                GLOBAL_SCU_XMC4_Init
 .text.GLOBAL_SCU_XMC4_RegisterCallback
                0x08004398       0x20 ./Dave/Generated/GLOBAL_SCU_XMC4/global_scu_xmc4.o
                0x08004398                GLOBAL_SCU_XMC4_RegisterCallback
 .text.SCU_0_IRQHandler
                0x080043b8        0xc ./Dave/Generated/GLOBAL_SCU_XMC4/global_scu_xmc4.o
                0x080043b8                SCU_0_IRQHandler
 .text.XMC_CCU4_StartPrescaler
                0x080043c4       0x20 ./Dave/Generated/GLOBAL_CCU4/global_ccu4.o
 .text.GLOBAL_CCU4_Init
                0x080043e4       0x40 ./Dave/Generated/GLOBAL_CCU4/global_ccu4.o
                0x080043e4                GLOBAL_CCU4_Init
 .text.XMC_VADC_GLOBAL_DisablePostCalibration
                0x08004424       0x2c ./Dave/Generated/GLOBAL_ADC/global_adc.o
 .text.GLOBAL_ADC_Init
                0x08004450       0xb0 ./Dave/Generated/GLOBAL_ADC/global_adc.o
                0x08004450                GLOBAL_ADC_Init
 .text.DIGITAL_IO_Init
                0x08004500       0x28 ./Dave/Generated/DIGITAL_IO/digital_io.o
                0x08004500                DIGITAL_IO_Init
 .text.NVIC_SetPriorityGrouping
                0x08004528       0x48 ./Dave/Generated/CPU_CTRL_XMC4/cpu_ctrl_xmc4.o
 .text.CPU_CTRL_XMC4_Init
                0x08004570       0x3c ./Dave/Generated/CPU_CTRL_XMC4/cpu_ctrl_xmc4.o
                0x08004570                CPU_CTRL_XMC4_Init
 .text.OSCHP_GetFrequency
                0x080045ac       0x14 ./Dave/Generated/CLOCK_XMC4/clock_xmc4.o
                0x080045ac                OSCHP_GetFrequency
 .text.SystemCoreClockSetup
                0x080045c0       0x3c ./Dave/Generated/CLOCK_XMC4/clock_xmc4_conf.o
                0x080045c0                SystemCoreClockSetup
 .text.XMC_GPIO_SetOutputLevel
                0x080045fc       0x24 ./Dave/Generated/BUS_IO/bus_io.o
 .text.BUS_IO_Init
                0x08004620       0x64 ./Dave/Generated/BUS_IO/bus_io.o
                0x08004620                BUS_IO_Init
 .text.BUS_IO_Write
                0x08004684       0x70 ./Dave/Generated/BUS_IO/bus_io.o
                0x08004684                BUS_IO_Write
 .text.DAVE_Init
                0x080046f4       0xb4 ./Dave/Generated/DAVE.o
                0x080046f4                DAVE_Init
 .text.LCD_init
                0x080047a8      0x144 ./Actors_Displays/LCD.o
                0x080047a8                LCD_init
 .text.LCD_clearlines
                0x080048ec       0x4c ./Actors_Displays/LCD.o
                0x080048ec                LCD_clearlines
 .text.LCD_text
                0x08004938      0x14c ./Actors_Displays/LCD.o
                0x08004938                LCD_text
 .text.update_LCD
                0x08004a84       0x98 ./Actors_Displays/LCD.o
                0x08004a84                update_LCD
 .text.XMC_GPIO_ToggleOutput
                0x08004b1c       0x24 ./main.o
 .text.DIGITAL_IO_ToggleOutput
                0x08004b40       0x20 ./main.o
 .text.main     0x08004b60       0x44 ./main.o
                0x08004b60                main
 .text          0x08004ba4      0x370 c:/davev4-64bit/dave-ide-4.4.2-64bit/eclipse/arm-gcc-49/bin/../lib/gcc/arm-none-eabi/4.9.3/armv7e-m\libgcc.a(_arm_addsubdf3.o)
                0x08004ba4                __aeabi_drsub
                0x08004bac                __aeabi_dsub
                0x08004bac                __subdf3
                0x08004bb0                __aeabi_dadd
                0x08004bb0                __adddf3
                0x08004e28                __floatunsidf
                0x08004e28                __aeabi_ui2d
                0x08004e48                __floatsidf
                0x08004e48                __aeabi_i2d
                0x08004e6c                __aeabi_f2d
                0x08004e6c                __extendsfdf2
                0x08004ea8                __floatundidf
                0x08004ea8                __aeabi_ul2d
                0x08004eb8                __floatdidf
                0x08004eb8                __aeabi_l2d
 .text          0x08004f14      0x424 c:/davev4-64bit/dave-ide-4.4.2-64bit/eclipse/arm-gcc-49/bin/../lib/gcc/arm-none-eabi/4.9.3/armv7e-m\libgcc.a(_arm_muldivdf3.o)
                0x08004f14                __aeabi_dmul
                0x08004f14                __muldf3
                0x08005168                __divdf3
                0x08005168                __aeabi_ddiv
 .text          0x08005338       0xa0 c:/davev4-64bit/dave-ide-4.4.2-64bit/eclipse/arm-gcc-49/bin/../lib/gcc/arm-none-eabi/4.9.3/armv7e-m\libgcc.a(_arm_truncdfsf2.o)
                0x08005338                __truncdfsf2
                0x08005338                __aeabi_d2f
 .text          0x080053d8      0x21c c:/davev4-64bit/dave-ide-4.4.2-64bit/eclipse/arm-gcc-49/bin/../lib/gcc/arm-none-eabi/4.9.3/armv7e-m\libgcc.a(_arm_addsubsf3.o)
                0x080053d8                __aeabi_frsub
                0x080053e0                __subsf3
                0x080053e0                __aeabi_fsub
                0x080053e4                __aeabi_fadd
                0x080053e4                __addsf3
                0x08005544                __aeabi_ui2f
                0x08005544                __floatunsisf
                0x0800554c                __aeabi_i2f
                0x0800554c                __floatsisf
                0x08005568                __aeabi_ul2f
                0x08005568                __floatundisf
                0x08005578                __aeabi_l2f
                0x08005578                __floatdisf
 .text          0x080055f4      0x2a0 c:/davev4-64bit/dave-ide-4.4.2-64bit/eclipse/arm-gcc-49/bin/../lib/gcc/arm-none-eabi/4.9.3/armv7e-m\libgcc.a(_arm_muldivsf3.o)
                0x080055f4                __mulsf3
                0x080055f4                __aeabi_fmul
                0x0800575c                __aeabi_fdiv
                0x0800575c                __divsf3
 .text          0x08005894       0x40 c:/davev4-64bit/dave-ide-4.4.2-64bit/eclipse/arm-gcc-49/bin/../lib/gcc/arm-none-eabi/4.9.3/armv7e-m\libgcc.a(_arm_fixunssfsi.o)
                0x08005894                __fixunssfsi
                0x08005894                __aeabi_f2uiz
 .text.__libc_init_array
                0x080058d4       0x4c c:/davev4-64bit/dave-ide-4.4.2-64bit/eclipse/arm-gcc-49/bin/../lib/gcc/arm-none-eabi/4.9.3/../../../../arm-none-eabi/lib/armv7e-m\libg_nano.a(lib_a-init.o)
                0x080058d4                __libc_init_array
 .text.memcpy   0x08005920       0x16 c:/davev4-64bit/dave-ide-4.4.2-64bit/eclipse/arm-gcc-49/bin/../lib/gcc/arm-none-eabi/4.9.3/../../../../arm-none-eabi/lib/armv7e-m\libg_nano.a(lib_a-memcpy.o)
                0x08005920                memcpy
 .text.memset   0x08005936       0x10 c:/davev4-64bit/dave-ide-4.4.2-64bit/eclipse/arm-gcc-49/bin/../lib/gcc/arm-none-eabi/4.9.3/../../../../arm-none-eabi/lib/armv7e-m\libg_nano.a(lib_a-memset.o)
                0x08005936                memset
 .text.__cvt    0x08005946       0xbc c:/davev4-64bit/dave-ide-4.4.2-64bit/eclipse/arm-gcc-49/bin/../lib/gcc/arm-none-eabi/4.9.3/../../../../arm-none-eabi/lib/armv7e-m\libg_nano.a(lib_a-nano-vfprintf_float.o)
                0x08005946                __cvt
 .text.__exponent
                0x08005a02       0x60 c:/davev4-64bit/dave-ide-4.4.2-64bit/eclipse/arm-gcc-49/bin/../lib/gcc/arm-none-eabi/4.9.3/../../../../arm-none-eabi/lib/armv7e-m\libg_nano.a(lib_a-nano-vfprintf_float.o)
                0x08005a02                __exponent
 *fill*         0x08005a62        0x2 
 .text._printf_float
                0x08005a64      0x488 c:/davev4-64bit/dave-ide-4.4.2-64bit/eclipse/arm-gcc-49/bin/../lib/gcc/arm-none-eabi/4.9.3/../../../../arm-none-eabi/lib/armv7e-m\libg_nano.a(lib_a-nano-vfprintf_float.o)
                0x08005a64                _printf_float
 .text._printf_common
                0x08005eec       0xea c:/davev4-64bit/dave-ide-4.4.2-64bit/eclipse/arm-gcc-49/bin/../lib/gcc/arm-none-eabi/4.9.3/../../../../arm-none-eabi/lib/armv7e-m\libg_nano.a(lib_a-nano-vfprintf_i.o)
                0x08005eec                _printf_common
 *fill*         0x08005fd6        0x2 
 .text._printf_i
                0x08005fd8      0x234 c:/davev4-64bit/dave-ide-4.4.2-64bit/eclipse/arm-gcc-49/bin/../lib/gcc/arm-none-eabi/4.9.3/../../../../arm-none-eabi/lib/armv7e-m\libg_nano.a(lib_a-nano-vfprintf_i.o)
                0x08005fd8                _printf_i
 .text.__fpclassifyd
                0x0800620c       0x50 c:/davev4-64bit/dave-ide-4.4.2-64bit/eclipse/arm-gcc-49/bin/../lib/gcc/arm-none-eabi/4.9.3/../../../../arm-none-eabi/lib/armv7e-m\libg_nano.a(lib_a-s_fpclassify.o)
                0x0800620c                __fpclassifyd
 .text.sprintf  0x0800625c       0x48 c:/davev4-64bit/dave-ide-4.4.2-64bit/eclipse/arm-gcc-49/bin/../lib/gcc/arm-none-eabi/4.9.3/../../../../arm-none-eabi/lib/armv7e-m\libg_nano.a(lib_a-sprintf.o)
                0x0800625c                siprintf
                0x0800625c                sprintf
 .text.strlen   0x080062a4       0x10 c:/davev4-64bit/dave-ide-4.4.2-64bit/eclipse/arm-gcc-49/bin/../lib/gcc/arm-none-eabi/4.9.3/../../../../arm-none-eabi/lib/armv7e-m\libg_nano.a(lib_a-strlen.o)
                0x080062a4                strlen
 .text.quorem   0x080062b4      0x11a c:/davev4-64bit/dave-ide-4.4.2-64bit/eclipse/arm-gcc-49/bin/../lib/gcc/arm-none-eabi/4.9.3/../../../../arm-none-eabi/lib/armv7e-m\libg_nano.a(lib_a-dtoa.o)
 *fill*         0x080063ce        0x2 
 .text._dtoa_r  0x080063d0      0xb80 c:/davev4-64bit/dave-ide-4.4.2-64bit/eclipse/arm-gcc-49/bin/../lib/gcc/arm-none-eabi/4.9.3/../../../../arm-none-eabi/lib/armv7e-m\libg_nano.a(lib_a-dtoa.o)
                0x080063d0                _dtoa_r
 .text._localeconv_r
                0x08006f50        0x8 c:/davev4-64bit/dave-ide-4.4.2-64bit/eclipse/arm-gcc-49/bin/../lib/gcc/arm-none-eabi/4.9.3/../../../../arm-none-eabi/lib/armv7e-m\libg_nano.a(lib_a-locale.o)
                0x08006f50                _localeconv_r
 .text.malloc   0x08006f58       0x10 c:/davev4-64bit/dave-ide-4.4.2-64bit/eclipse/arm-gcc-49/bin/../lib/gcc/arm-none-eabi/4.9.3/../../../../arm-none-eabi/lib/armv7e-m\libg_nano.a(lib_a-malloc.o)
                0x08006f58                malloc
 .text.memchr   0x08006f68       0x1e c:/davev4-64bit/dave-ide-4.4.2-64bit/eclipse/arm-gcc-49/bin/../lib/gcc/arm-none-eabi/4.9.3/../../../../arm-none-eabi/lib/armv7e-m\libg_nano.a(lib_a-memchr.o)
                0x08006f68                memchr
 .text._Balloc  0x08006f86       0x6a c:/davev4-64bit/dave-ide-4.4.2-64bit/eclipse/arm-gcc-49/bin/../lib/gcc/arm-none-eabi/4.9.3/../../../../arm-none-eabi/lib/armv7e-m\libg_nano.a(lib_a-mprec.o)
                0x08006f86                _Balloc
 .text._Bfree   0x08006ff0       0x2e c:/davev4-64bit/dave-ide-4.4.2-64bit/eclipse/arm-gcc-49/bin/../lib/gcc/arm-none-eabi/4.9.3/../../../../arm-none-eabi/lib/armv7e-m\libg_nano.a(lib_a-mprec.o)
                0x08006ff0                _Bfree
 .text.__multadd
                0x0800701e       0x7c c:/davev4-64bit/dave-ide-4.4.2-64bit/eclipse/arm-gcc-49/bin/../lib/gcc/arm-none-eabi/4.9.3/../../../../arm-none-eabi/lib/armv7e-m\libg_nano.a(lib_a-mprec.o)
                0x0800701e                __multadd
 .text.__hi0bits
                0x0800709a       0x40 c:/davev4-64bit/dave-ide-4.4.2-64bit/eclipse/arm-gcc-49/bin/../lib/gcc/arm-none-eabi/4.9.3/../../../../arm-none-eabi/lib/armv7e-m\libg_nano.a(lib_a-mprec.o)
                0x0800709a                __hi0bits
 .text.__lo0bits
                0x080070da       0x5a c:/davev4-64bit/dave-ide-4.4.2-64bit/eclipse/arm-gcc-49/bin/../lib/gcc/arm-none-eabi/4.9.3/../../../../arm-none-eabi/lib/armv7e-m\libg_nano.a(lib_a-mprec.o)
                0x080070da                __lo0bits
 .text.__i2b    0x08007134       0x12 c:/davev4-64bit/dave-ide-4.4.2-64bit/eclipse/arm-gcc-49/bin/../lib/gcc/arm-none-eabi/4.9.3/../../../../arm-none-eabi/lib/armv7e-m\libg_nano.a(lib_a-mprec.o)
                0x08007134                __i2b
 .text.__multiply
                0x08007146      0x122 c:/davev4-64bit/dave-ide-4.4.2-64bit/eclipse/arm-gcc-49/bin/../lib/gcc/arm-none-eabi/4.9.3/../../../../arm-none-eabi/lib/armv7e-m\libg_nano.a(lib_a-mprec.o)
                0x08007146                __multiply
 .text.__pow5mult
                0x08007268       0x9c c:/davev4-64bit/dave-ide-4.4.2-64bit/eclipse/arm-gcc-49/bin/../lib/gcc/arm-none-eabi/4.9.3/../../../../arm-none-eabi/lib/armv7e-m\libg_nano.a(lib_a-mprec.o)
                0x08007268                __pow5mult
 .text.__lshift
                0x08007304       0xa6 c:/davev4-64bit/dave-ide-4.4.2-64bit/eclipse/arm-gcc-49/bin/../lib/gcc/arm-none-eabi/4.9.3/../../../../arm-none-eabi/lib/armv7e-m\libg_nano.a(lib_a-mprec.o)
                0x08007304                __lshift
 .text.__mcmp   0x080073aa       0x38 c:/davev4-64bit/dave-ide-4.4.2-64bit/eclipse/arm-gcc-49/bin/../lib/gcc/arm-none-eabi/4.9.3/../../../../arm-none-eabi/lib/armv7e-m\libg_nano.a(lib_a-mprec.o)
                0x080073aa                __mcmp
 .text.__mdiff  0x080073e2       0xbe c:/davev4-64bit/dave-ide-4.4.2-64bit/eclipse/arm-gcc-49/bin/../lib/gcc/arm-none-eabi/4.9.3/../../../../arm-none-eabi/lib/armv7e-m\libg_nano.a(lib_a-mprec.o)
                0x080073e2                __mdiff
 .text.__d2b    0x080074a0       0xa4 c:/davev4-64bit/dave-ide-4.4.2-64bit/eclipse/arm-gcc-49/bin/../lib/gcc/arm-none-eabi/4.9.3/../../../../arm-none-eabi/lib/armv7e-m\libg_nano.a(lib_a-mprec.o)
                0x080074a0                __d2b
 .text._calloc_r
                0x08007544       0x1c c:/davev4-64bit/dave-ide-4.4.2-64bit/eclipse/arm-gcc-49/bin/../lib/gcc/arm-none-eabi/4.9.3/../../../../arm-none-eabi/lib/armv7e-m\libg_nano.a(lib_a-nano-callocr.o)
                0x08007544                _calloc_r
 .text._free_r  0x08007560       0x88 c:/davev4-64bit/dave-ide-4.4.2-64bit/eclipse/arm-gcc-49/bin/../lib/gcc/arm-none-eabi/4.9.3/../../../../arm-none-eabi/lib/armv7e-m\libg_nano.a(lib_a-nano-freer.o)
                0x08007560                _free_r
 .text._malloc_r
                0x080075e8       0xac c:/davev4-64bit/dave-ide-4.4.2-64bit/eclipse/arm-gcc-49/bin/../lib/gcc/arm-none-eabi/4.9.3/../../../../arm-none-eabi/lib/armv7e-m\libg_nano.a(lib_a-nano-mallocr.o)
                0x080075e8                _malloc_r
 .text.__ssputs_r
                0x08007694       0xb2 c:/davev4-64bit/dave-ide-4.4.2-64bit/eclipse/arm-gcc-49/bin/../lib/gcc/arm-none-eabi/4.9.3/../../../../arm-none-eabi/lib/armv7e-m\libg_nano.a(lib_a-nano-svfprintf.o)
                0x08007694                __ssputs_r
 *fill*         0x08007746        0x2 
 .text._svfprintf_r
                0x08007748      0x1e4 c:/davev4-64bit/dave-ide-4.4.2-64bit/eclipse/arm-gcc-49/bin/../lib/gcc/arm-none-eabi/4.9.3/../../../../arm-none-eabi/lib/armv7e-m\libg_nano.a(lib_a-nano-svfprintf.o)
                0x08007748                _svfiprintf_r
                0x08007748                _svfprintf_r
 .text._sbrk_r  0x0800792c       0x20 c:/davev4-64bit/dave-ide-4.4.2-64bit/eclipse/arm-gcc-49/bin/../lib/gcc/arm-none-eabi/4.9.3/../../../../arm-none-eabi/lib/armv7e-m\libg_nano.a(lib_a-sbrkr.o)
                0x0800792c                _sbrk_r
 .text.memmove  0x0800794c       0x36 c:/davev4-64bit/dave-ide-4.4.2-64bit/eclipse/arm-gcc-49/bin/../lib/gcc/arm-none-eabi/4.9.3/../../../../arm-none-eabi/lib/armv7e-m\libg_nano.a(lib_a-memmove.o)
                0x0800794c                memmove
 .text._realloc_r
                0x08007982       0x4c c:/davev4-64bit/dave-ide-4.4.2-64bit/eclipse/arm-gcc-49/bin/../lib/gcc/arm-none-eabi/4.9.3/../../../../arm-none-eabi/lib/armv7e-m\libg_nano.a(lib_a-nano-reallocr.o)
                0x08007982                _realloc_r
 .text._malloc_usable_size_r
                0x080079ce       0x14 c:/davev4-64bit/dave-ide-4.4.2-64bit/eclipse/arm-gcc-49/bin/../lib/gcc/arm-none-eabi/4.9.3/../../../../arm-none-eabi/lib/armv7e-m\libg_nano.a(lib_a-nano-msizer.o)
                0x080079ce                _malloc_usable_size_r
 *fill*         0x080079e2        0x2 
 .text          0x080079e4      0x110 c:/davev4-64bit/dave-ide-4.4.2-64bit/eclipse/arm-gcc-49/bin/../lib/gcc/arm-none-eabi/4.9.3/armv7e-m\libgcc.a(_arm_cmpdf2.o)
                0x080079e4                __gtdf2
                0x080079e4                __gedf2
                0x080079ec                __ltdf2
                0x080079ec                __ledf2
                0x080079f4                __nedf2
                0x080079f4                __eqdf2
                0x080079f4                __cmpdf2
                0x08007a70                __aeabi_cdrcmple
                0x08007a80                __aeabi_cdcmpeq
                0x08007a80                __aeabi_cdcmple
                0x08007a90                __aeabi_dcmpeq
                0x08007aa4                __aeabi_dcmplt
                0x08007ab8                __aeabi_dcmple
                0x08007acc                __aeabi_dcmpge
                0x08007ae0                __aeabi_dcmpgt
 .text          0x08007af4       0x50 c:/davev4-64bit/dave-ide-4.4.2-64bit/eclipse/arm-gcc-49/bin/../lib/gcc/arm-none-eabi/4.9.3/armv7e-m\libgcc.a(_arm_fixdfsi.o)
                0x08007af4                __aeabi_d2iz
                0x08007af4                __fixdfsi
 *(.glue*)
 .glue_7        0x00000000        0x0 linker stubs
 .glue_7t       0x00000000        0x0 linker stubs
 *(.v4*)
 .v4_bx         0x00000000        0x0 linker stubs
 *(.vfp11_veneer)
 .vfp11_veneer  0x00000000        0x0 linker stubs
 *(.init)
                0x08007b44                __preinit_array_start = .
 *(.preinit_array)
                0x08007b44                __preinit_array_end = .
                0x08007b44                __init_array_start = .
 *(SORT(.init_array.*))
 *(.init_array)
                0x08007b44                __init_array_end = .
 *crtbegin.o(.ctors)
 *(EXCLUDE_FILE(*crtend.o) .ctors)
 *(SORT(.ctors.*))
 *crtend.o(.ctors)
 *(.fini)
                0x08007b44                __fini_array_start = .
 *(.fini_array)
 *(SORT(.fini_array.*))
                0x08007b44                __fini_array_end = .
 *crtbegin.o(.dtors)
 *(EXCLUDE_FILE(*crtend.o) .dtors)
 *(SORT(.dtors.*))
 *crtend.o(.dtors)
                0x08007b44                __extab_start = .
 *(.ARM.extab* .gnu.linkonce.armextab.*)
                0x08007b44                . = ALIGN (0x4)
                0x08007b44                __extab_end = ABSOLUTE (.)

.iplt           0x08007b44        0x0 load address 0x0c007b44
 .iplt          0x00000000        0x0 ./Startup/startup_XMC4500.o

.ARM.exidx      0x08007b44        0x0 load address 0x0c007b44
                0x08007b44                __exidx_start = .
 *(.ARM.exidx* .gnu.linkonce.armexidx.*)
                0x08007b44                . = ALIGN (0x4)
                0x08007b44                __exidx_end = ABSOLUTE (.)

.rodata         0x08007b44      0x2e1 load address 0x0c007b44
 *(.rodata .rodata.*)
 .rodata        0x08007b44       0x18 ./Source/INIT.o
 .rodata.clear_peripheral_reset.7291
                0x08007b5c       0x10 ./Libraries/XMCLib/src/xmc4_scu.o
 .rodata.g_xmc_vadc_group_array
                0x08007b6c       0x10 ./Libraries/XMCLib/src/xmc_vadc.o
 .rodata.RTC_0_config
                0x08007b7c       0x14 ./Dave/Generated/RTC/rtc_conf.o
                0x08007b7c                RTC_0_config
 .rodata.RTC_0_time_alarm_config
                0x08007b90       0x14 ./Dave/Generated/RTC/rtc_conf.o
                0x08007b90                RTC_0_time_alarm_config
 .rodata.INTERRUPT_0
                0x08007ba4        0x4 ./Dave/Generated/INTERRUPT/interrupt_conf.o
                0x08007ba4                INTERRUPT_0
 .rodata.I2C_MASTER_0_channel_config
                0x08007ba8        0x8 ./Dave/Generated/I2C_MASTER/i2c_master_conf.o
                0x08007ba8                I2C_MASTER_0_channel_config
 .rodata.I2C_MASTER_0_config
                0x08007bb0       0x20 ./Dave/Generated/I2C_MASTER/i2c_master_conf.o
                0x08007bb0                I2C_MASTER_0_config
 .rodata        0x08007bd0        0xc ./Dave/Generated/I2C_MASTER/i2c_master_conf.o
 .rodata.GLOBAL_SCU_XMC4_0_config
                0x08007bdc        0x4 ./Dave/Generated/GLOBAL_SCU_XMC4/global_scu_xmc4_conf.o
                0x08007bdc                GLOBAL_SCU_XMC4_0_config
 .rodata.group_init_handle0
                0x08007be0       0x14 ./Dave/Generated/GLOBAL_ADC/global_adc_conf.o
                0x08007be0                group_init_handle0
 .rodata.group_init_handle1
                0x08007bf4       0x14 ./Dave/Generated/GLOBAL_ADC/global_adc_conf.o
                0x08007bf4                group_init_handle1
 .rodata.group_init_handle2
                0x08007c08       0x14 ./Dave/Generated/GLOBAL_ADC/global_adc_conf.o
                0x08007c08                group_init_handle2
 .rodata.group_init_handle3
                0x08007c1c       0x14 ./Dave/Generated/GLOBAL_ADC/global_adc_conf.o
                0x08007c1c                group_init_handle3
 .rodata.global_config
                0x08007c30       0x18 ./Dave/Generated/GLOBAL_ADC/global_adc_conf.o
                0x08007c30                global_config
 .rodata.CPU_CTRL_XMC4_0_config
                0x08007c48        0x4 ./Dave/Generated/CPU_CTRL_XMC4/cpu_ctrl_xmc4_conf.o
                0x08007c48                CPU_CTRL_XMC4_0_config
 .rodata.CLOCK_XMC4_0_CONFIG
                0x08007c4c       0x14 ./Dave/Generated/CLOCK_XMC4/clock_xmc4_conf.o
                0x08007c4c                CLOCK_XMC4_0_CONFIG
 .rodata.BUS_IO_0_pin_list
                0x08007c60       0x38 ./Dave/Generated/BUS_IO/bus_io_conf.o
                0x08007c60                BUS_IO_0_pin_list
 .rodata        0x08007c98       0x34 ./Actors_Displays/LCD.o
 .rodata.str1.1
                0x08007ccc       0x12 c:/davev4-64bit/dave-ide-4.4.2-64bit/eclipse/arm-gcc-49/bin/../lib/gcc/arm-none-eabi/4.9.3/../../../../arm-none-eabi/lib/armv7e-m\libg_nano.a(lib_a-nano-vfprintf_float.o)
 .rodata.str1.1
                0x08007cde       0x22 c:/davev4-64bit/dave-ide-4.4.2-64bit/eclipse/arm-gcc-49/bin/../lib/gcc/arm-none-eabi/4.9.3/../../../../arm-none-eabi/lib/armv7e-m\libg_nano.a(lib_a-nano-vfprintf_i.o)
 .rodata.str1.1
                0x08007d00        0xd c:/davev4-64bit/dave-ide-4.4.2-64bit/eclipse/arm-gcc-49/bin/../lib/gcc/arm-none-eabi/4.9.3/../../../../arm-none-eabi/lib/armv7e-m\libg_nano.a(lib_a-dtoa.o)
                                  0xf (size before relaxing)
 .rodata.str1.1
                0x08007d0d        0x2 c:/davev4-64bit/dave-ide-4.4.2-64bit/eclipse/arm-gcc-49/bin/../lib/gcc/arm-none-eabi/4.9.3/../../../../arm-none-eabi/lib/armv7e-m\libg_nano.a(lib_a-impure.o)
 .rodata.str1.1
                0x08007d0f        0x8 c:/davev4-64bit/dave-ide-4.4.2-64bit/eclipse/arm-gcc-49/bin/../lib/gcc/arm-none-eabi/4.9.3/../../../../arm-none-eabi/lib/armv7e-m\libg_nano.a(lib_a-locale.o)
                                  0xb (size before relaxing)
 *fill*         0x08007d17        0x1 
 .rodata.__mprec_tens
                0x08007d18       0xc8 c:/davev4-64bit/dave-ide-4.4.2-64bit/eclipse/arm-gcc-49/bin/../lib/gcc/arm-none-eabi/4.9.3/../../../../arm-none-eabi/lib/armv7e-m\libg_nano.a(lib_a-mprec.o)
                0x08007d18                __mprec_tens
 .rodata.__mprec_bigtens
                0x08007de0       0x28 c:/davev4-64bit/dave-ide-4.4.2-64bit/eclipse/arm-gcc-49/bin/../lib/gcc/arm-none-eabi/4.9.3/../../../../arm-none-eabi/lib/armv7e-m\libg_nano.a(lib_a-mprec.o)
                0x08007de0                __mprec_bigtens
 .rodata.p05.5277
                0x08007e08        0xc c:/davev4-64bit/dave-ide-4.4.2-64bit/eclipse/arm-gcc-49/bin/../lib/gcc/arm-none-eabi/4.9.3/../../../../arm-none-eabi/lib/armv7e-m\libg_nano.a(lib_a-mprec.o)
 .rodata.str1.1
                0x08007e14       0x11 c:/davev4-64bit/dave-ide-4.4.2-64bit/eclipse/arm-gcc-49/bin/../lib/gcc/arm-none-eabi/4.9.3/../../../../arm-none-eabi/lib/armv7e-m\libg_nano.a(lib_a-nano-svfprintf.o)
 *(.gnu.linkonce.r*)

.rel.dyn        0x08007e28        0x0 load address 0x0c007e28
 .rel.iplt      0x00000000        0x0 ./Startup/startup_XMC4500.o
                0x08007e30                . = ALIGN (0x10)
                0x0c007e30                __ram_load = (. | 0x4000000)

Stack           0x10000000      0x800
                0x10000800                . = (. + stack_size)
 *fill*         0x10000000      0x800 
                0x10000800                __initial_sp = .

.ram_code       0x10000800        0x0 load address 0x0c007e30
                0x10000800                __ram_code_start = .
 *(.ram_code)
                0x10000800                . = ALIGN (0x4)
                0x10000800                __ram_code_end = .
                0x0c007e30                __ram_code_load = LOADADDR (.ram_code)
                0x00000000                __ram_code_size = (__ram_code_end - __ram_code_start)

PSRAM_DATA      0x10000800        0x0 load address 0x0c007e30
                0x10000800                __data3_start = .
 *(PSRAM_DATA)
                0x10000800                . = ALIGN (0x4)
                0x10000800                __data3_end = .
                0x0c007e30                __data3_load = LOADADDR (PSRAM_DATA)
                0x00000000                __data3_size = (__data3_end - __data3_start)

PSRAM_BSS       0x10000800        0x0
                0x10000800                __bss3_start = .
 *(PSRAM_BSS)
                0x10000800                . = ALIGN (0x4)
                0x10000800                __bss3_end = .
                0x10000800                . = ALIGN (0x8)
                0x10000800                Heap_Bank3_Start = .
                0x00000000                __bss3_size = (__bss3_end - __bss3_start)

.data           0x20000000      0x1bc load address 0x0c007e30
                0x20000000                __data_start = .
 *(.data)
 *(.data*)
 .data.S_LM76   0x20000000       0x1c ./Sensors/LM76.o
                0x20000000                S_LM76
 .data.TIMER_0  0x2000001c       0x28 ./Dave/Generated/TIMER/timer_conf.o
                0x2000001c                TIMER_0
 .data.RTC_0    0x20000044        0xc ./Dave/Generated/RTC/rtc_conf.o
                0x20000044                RTC_0
 .data.I2C_MASTER_0_runtime
                0x20000050       0x2c ./Dave/Generated/I2C_MASTER/i2c_master_conf.o
                0x20000050                I2C_MASTER_0_runtime
 .data.I2C_MASTER_0
                0x2000007c        0xc ./Dave/Generated/I2C_MASTER/i2c_master_conf.o
                0x2000007c                I2C_MASTER_0
 .data.GLOBAL_SCU_XMC4_0
                0x20000088        0x8 ./Dave/Generated/GLOBAL_SCU_XMC4/global_scu_xmc4_conf.o
                0x20000088                GLOBAL_SCU_XMC4_0
 .data.GLOBAL_CCU4_0
                0x20000090       0x10 ./Dave/Generated/GLOBAL_CCU4/global_ccu4_conf.o
                0x20000090                GLOBAL_CCU4_0
 .data.group_0_config
                0x200000a0        0xc ./Dave/Generated/GLOBAL_ADC/global_adc_conf.o
                0x200000a0                group_0_config
 .data.group_1_config
                0x200000ac        0xc ./Dave/Generated/GLOBAL_ADC/global_adc_conf.o
                0x200000ac                group_1_config
 .data.group_2_config
                0x200000b8        0xc ./Dave/Generated/GLOBAL_ADC/global_adc_conf.o
                0x200000b8                group_2_config
 .data.group_3_config
                0x200000c4        0xc ./Dave/Generated/GLOBAL_ADC/global_adc_conf.o
                0x200000c4                group_3_config
 .data.GLOBAL_ADC_0
                0x200000d0       0x1c ./Dave/Generated/GLOBAL_ADC/global_adc_conf.o
                0x200000d0                GLOBAL_ADC_0
 .data.DIGITAL_O_HB_LED_config
                0x200000ec        0xc ./Dave/Generated/DIGITAL_IO/digital_io_conf.o
                0x200000ec                DIGITAL_O_HB_LED_config
 .data.DIGITAL_O_HB_LED
                0x200000f8        0xc ./Dave/Generated/DIGITAL_IO/digital_io_conf.o
                0x200000f8                DIGITAL_O_HB_LED
 .data.CPU_CTRL_XMC4_0
                0x20000104        0x8 ./Dave/Generated/CPU_CTRL_XMC4/cpu_ctrl_xmc4_conf.o
                0x20000104                CPU_CTRL_XMC4_0
 .data.BUS_IO_0
                0x2000010c       0x14 ./Dave/Generated/BUS_IO/bus_io_conf.o
                0x2000010c                BUS_IO_0
 .data.impure_data
                0x20000120       0x60 c:/davev4-64bit/dave-ide-4.4.2-64bit/eclipse/arm-gcc-49/bin/../lib/gcc/arm-none-eabi/4.9.3/../../../../arm-none-eabi/lib/armv7e-m\libg_nano.a(lib_a-impure.o)
 .data._impure_ptr
                0x20000180        0x4 c:/davev4-64bit/dave-ide-4.4.2-64bit/eclipse/arm-gcc-49/bin/../lib/gcc/arm-none-eabi/4.9.3/../../../../arm-none-eabi/lib/armv7e-m\libg_nano.a(lib_a-impure.o)
                0x20000180                _impure_ptr
 .data.lconv    0x20000184       0x38 c:/davev4-64bit/dave-ide-4.4.2-64bit/eclipse/arm-gcc-49/bin/../lib/gcc/arm-none-eabi/4.9.3/../../../../arm-none-eabi/lib/armv7e-m\libg_nano.a(lib_a-locale.o)
 *(*.data)
 *(.gnu.linkonce.d*)
                0x200001bc                . = ALIGN (0x4)
                0x200001bc                __data_end = .
                0x0c007e30                __data_load = LOADADDR (.data)
                0x000001bc                __data_size = (__data_end - __data_start)

.igot.plt       0x200001bc        0x0 load address 0x0c007fec
 .igot.plt      0x00000000        0x0 ./Startup/startup_XMC4500.o

.bss            0x200001bc      0x33c load address 0x0c007fec
                0x200001bc                __bss_start = .
 *(.bss)
 *(.bss*)
 .bss.timetick_count
                0x200001bc        0x4 ./Source/Has_Misc.o
                0x200001bc                timetick_count
 .bss.mainloop_ticks
                0x200001c0        0x1 ./Source/Has_Misc.o
                0x200001c0                mainloop_ticks
 *fill*         0x200001c1        0x1 
 .bss.incr_all_sec
                0x200001c2        0x2 ./Source/Has_Misc.o
                0x200001c2                incr_all_sec
 .bss.SNTP_sec_time_ticks
                0x200001c4        0x2 ./Source/Has_Misc.o
                0x200001c4                SNTP_sec_time_ticks
 *fill*         0x200001c6        0x2 
 .bss.heap.4702
                0x200001c8        0x4 ./Libraries/Newlib/syscalls.o
 .bss.HeapBound.4701
                0x200001cc        0x4 ./Libraries/Newlib/syscalls.o
 .bss.TIMER_0_config
                0x200001d0        0x8 ./Dave/Generated/TIMER/timer_conf.o
                0x200001d0                TIMER_0_config
 .bss.g_timer_list
                0x200001d8        0x4 ./Dave/Generated/SYSTIMER/systimer.o
                0x200001d8                g_timer_list
 .bss.g_timer_tracker
                0x200001dc        0x4 ./Dave/Generated/SYSTIMER/systimer.o
                0x200001dc                g_timer_tracker
 .bss.g_systick_count
                0x200001e0        0x4 ./Dave/Generated/SYSTIMER/systimer.o
                0x200001e0                g_systick_count
 .bss.SYSTIMER_0
                0x200001e4        0x4 ./Dave/Generated/SYSTIMER/systimer_conf.o
                0x200001e4                SYSTIMER_0
 .bss.__malloc_sbrk_start
                0x200001e8        0x4 c:/davev4-64bit/dave-ide-4.4.2-64bit/eclipse/arm-gcc-49/bin/../lib/gcc/arm-none-eabi/4.9.3/../../../../arm-none-eabi/lib/armv7e-m\libg_nano.a(lib_a-nano-mallocr.o)
                0x200001e8                __malloc_sbrk_start
 .bss.__malloc_free_list
                0x200001ec        0x4 c:/davev4-64bit/dave-ide-4.4.2-64bit/eclipse/arm-gcc-49/bin/../lib/gcc/arm-none-eabi/4.9.3/../../../../arm-none-eabi/lib/armv7e-m\libg_nano.a(lib_a-nano-mallocr.o)
                0x200001ec                __malloc_free_list
 *(COMMON)
 COMMON         0x200001f0        0xa ./Source/Has_Misc.o
                0x200001f0                timeval
                0x200001f8                f
 *fill*         0x200001fa        0x2 
 COMMON         0x200001fc        0xc ./Source/INIT.o
                0x200001fc                timer_2_of_16
                0x20000200                timer_3_of_16
                0x20000204                timer_1_of_16
 COMMON         0x20000208       0x80 ./Libraries/XMCLib/src/xmc4_scu.o
                0x20000208                event_handler_list
 COMMON         0x20000288      0x240 ./Dave/Generated/SYSTIMER/systimer.o
                0x20000288                g_timer_tbl
 COMMON         0x200004c8       0x29 ./Actors_Displays/LCD.o
                0x200004c8                LCDBuffer
 *fill*         0x200004f1        0x3 
 COMMON         0x200004f4        0x4 c:/davev4-64bit/dave-ide-4.4.2-64bit/eclipse/arm-gcc-49/bin/../lib/gcc/arm-none-eabi/4.9.3/../../../../arm-none-eabi/lib/armv7e-m\libg_nano.a(lib_a-reent.o)
                0x200004f4                errno
 *(.gnu.linkonce.b*)
                0x200004f8                . = ALIGN (0x4)
                0x200004f8                __bss_end = .
                0x200004f8                . = ALIGN (0x8)
                0x200004f8                Heap_Bank1_Start = .
                0x0000033c                __bss_size = (__bss_end - __bss_start)

.no_init        0x2000ffc0       0x14 load address 0x0c017df0
                0x2000ffc0                Heap_Bank1_End = .
 *(.no_init)
 .no_init       0x2000ffc0       0x14 ./Startup/system_XMC4500.o
                0x2000ffc0                SystemCoreClock
                0x2000ffc4                g_chipid

DSRAM2_DATA     0x30000000        0x0 load address 0x0c007fec
                0x30000000                __data2_start = .
 *(DSRAM2_DATA)
                0x30000000                . = ALIGN (0x4)
                0x30000000                __data2_end = .
                0x0c007fec                __data2_load = LOADADDR (DSRAM2_DATA)
                0x00000000                __data2_size = (__data2_end - __data2_start)

DSRAM2_BSS      0x30000000        0x0
                0x30000000                __bss2_start = .
 *(ETH_RAM)
 *(USB_RAM)
 *(DSRAM2_BSS)
                0x30000000                . = ALIGN (0x4)
                0x30000000                __bss2_end = .
                0x30000000                . = ALIGN (0x8)
                0x30000000                Heap_Bank2_Start = .
                0x00000000                __bss2_size = (__bss2_end - __bss2_start)
                0x0000fac8                Heap_Bank1_Size = (Heap_Bank1_End - Heap_Bank1_Start)
                0x00008000                Heap_Bank2_Size = (0x8000 - (Heap_Bank2_Start - ORIGIN (DSRAM_2_comm)))
                0x0000f800                Heap_Bank3_Size = (0x10000 - (Heap_Bank3_Start - ORIGIN (PSRAM_1)))

/DISCARD/
 *(.comment)

.stab
 *(.stab)

.stabstr
 *(.stabstr)

.debug
 *(.debug)

.line
 *(.line)

.debug_srcinfo
 *(.debug_srcinfo)

.debug_sfnames
 *(.debug_sfnames)

.debug_aranges  0x00000000     0x1200
 *(.debug_aranges)
 .debug_aranges
                0x00000000       0x20 ./Startup/startup_XMC4500.o
 .debug_aranges
                0x00000020       0x48 ./Startup/system_XMC4500.o
 .debug_aranges
                0x00000068       0x58 ./Source/Has_Misc.o
 .debug_aranges
                0x000000c0       0x20 ./Source/INIT.o
 .debug_aranges
                0x000000e0       0x28 ./Sensors/LM76.o
 .debug_aranges
                0x00000108       0x28 ./Libraries/XMCLib/src/xmc4_gpio.o
 .debug_aranges
                0x00000130       0x60 ./Libraries/XMCLib/src/xmc4_rtc.o
 .debug_aranges
                0x00000190      0x318 ./Libraries/XMCLib/src/xmc4_scu.o
 .debug_aranges
                0x000004a8       0x28 ./Libraries/XMCLib/src/xmc4_usic.o
 .debug_aranges
                0x000004d0      0x130 ./Libraries/XMCLib/src/xmc_ccu4.o
 .debug_aranges
                0x00000600       0xa8 ./Libraries/XMCLib/src/xmc_i2c.o
 .debug_aranges
                0x000006a8       0x70 ./Libraries/XMCLib/src/xmc_rtc.o
 .debug_aranges
                0x00000718       0x68 ./Libraries/XMCLib/src/xmc_usic.o
 .debug_aranges
                0x00000780      0x250 ./Libraries/XMCLib/src/xmc_vadc.o
 .debug_aranges
                0x000009d0       0xa0 ./Libraries/Newlib/syscalls.o
 .debug_aranges
                0x00000a70       0x50 ./HAL/HAL_i2c.o
 .debug_aranges
                0x00000ac0       0xc8 ./Dave/Generated/TIMER/timer.o
 .debug_aranges
                0x00000b88       0x18 ./Dave/Generated/TIMER/timer_conf.o
 .debug_aranges
                0x00000ba0       0xe0 ./Dave/Generated/SYSTIMER/systimer.o
 .debug_aranges
                0x00000c80       0x18 ./Dave/Generated/SYSTIMER/systimer_conf.o
 .debug_aranges
                0x00000c98       0x88 ./Dave/Generated/RTC/rtc.o
 .debug_aranges
                0x00000d20       0x18 ./Dave/Generated/RTC/rtc_conf.o
 .debug_aranges
                0x00000d38       0x50 ./Dave/Generated/INTERRUPT/interrupt.o
 .debug_aranges
                0x00000d88       0x18 ./Dave/Generated/INTERRUPT/interrupt_conf.o
 .debug_aranges
                0x00000da0      0x118 ./Dave/Generated/I2C_MASTER/i2c_master.o
 .debug_aranges
                0x00000eb8       0x78 ./Dave/Generated/I2C_MASTER/i2c_master_conf.o
 .debug_aranges
                0x00000f30       0x58 ./Dave/Generated/GLOBAL_SCU_XMC4/global_scu_xmc4.o
 .debug_aranges
                0x00000f88       0x18 ./Dave/Generated/GLOBAL_SCU_XMC4/global_scu_xmc4_conf.o
 .debug_aranges
                0x00000fa0       0x30 ./Dave/Generated/GLOBAL_CCU4/global_ccu4.o
 .debug_aranges
                0x00000fd0       0x18 ./Dave/Generated/GLOBAL_CCU4/global_ccu4_conf.o
 .debug_aranges
                0x00000fe8       0x30 ./Dave/Generated/GLOBAL_ADC/global_adc.o
 .debug_aranges
                0x00001018       0x18 ./Dave/Generated/GLOBAL_ADC/global_adc_conf.o
 .debug_aranges
                0x00001030       0x28 ./Dave/Generated/DIGITAL_IO/digital_io.o
 .debug_aranges
                0x00001058       0x18 ./Dave/Generated/DIGITAL_IO/digital_io_conf.o
 .debug_aranges
                0x00001070       0x30 ./Dave/Generated/CPU_CTRL_XMC4/cpu_ctrl_xmc4.o
 .debug_aranges
                0x000010a0       0x18 ./Dave/Generated/CPU_CTRL_XMC4/cpu_ctrl_xmc4_conf.o
 .debug_aranges
                0x000010b8       0x28 ./Dave/Generated/CLOCK_XMC4/clock_xmc4.o
 .debug_aranges
                0x000010e0       0x20 ./Dave/Generated/CLOCK_XMC4/clock_xmc4_conf.o
 .debug_aranges
                0x00001100       0x60 ./Dave/Generated/BUS_IO/bus_io.o
 .debug_aranges
                0x00001160       0x18 ./Dave/Generated/BUS_IO/bus_io_conf.o
 .debug_aranges
                0x00001178       0x20 ./Dave/Generated/DAVE.o
 .debug_aranges
                0x00001198       0x38 ./Actors_Displays/LCD.o
 .debug_aranges
                0x000011d0       0x30 ./main.o

.debug_pubnames
 *(.debug_pubnames)

.debug_pubtypes
 *(.debug_pubtypes)

.debug_info     0x00000000    0x1a2b0
 *(.debug_info .gnu.linkonce.wi.*)
 .debug_info    0x00000000       0x98 ./Startup/startup_XMC4500.o
 .debug_info    0x00000098      0x8d3 ./Startup/system_XMC4500.o
 .debug_info    0x0000096b      0xad7 ./Source/Has_Misc.o
 .debug_info    0x00001442      0x185 ./Source/INIT.o
 .debug_info    0x000015c7      0x96a ./Sensors/LM76.o
 .debug_info    0x00001f31      0x422 ./Libraries/XMCLib/src/xmc4_gpio.o
 .debug_info    0x00002353      0x6b0 ./Libraries/XMCLib/src/xmc4_rtc.o
 .debug_info    0x00002a03     0x1d4c ./Libraries/XMCLib/src/xmc4_scu.o
 .debug_info    0x0000474f      0x255 ./Libraries/XMCLib/src/xmc4_usic.o
 .debug_info    0x000049a4     0x15e4 ./Libraries/XMCLib/src/xmc_ccu4.o
 .debug_info    0x00005f88      0xa51 ./Libraries/XMCLib/src/xmc_i2c.o
 .debug_info    0x000069d9      0x784 ./Libraries/XMCLib/src/xmc_rtc.o
 .debug_info    0x0000715d      0x873 ./Libraries/XMCLib/src/xmc_usic.o
 .debug_info    0x000079d0     0x2c56 ./Libraries/XMCLib/src/xmc_vadc.o
 .debug_info    0x0000a626      0x65c ./Libraries/Newlib/syscalls.o
 .debug_info    0x0000ac82      0x8dc ./HAL/HAL_i2c.o
 .debug_info    0x0000b55e      0xd1d ./Dave/Generated/TIMER/timer.o
 .debug_info    0x0000c27b      0x83b ./Dave/Generated/TIMER/timer_conf.o
 .debug_info    0x0000cab6     0x129f ./Dave/Generated/SYSTIMER/systimer.o
 .debug_info    0x0000dd55       0xda ./Dave/Generated/SYSTIMER/systimer_conf.o
 .debug_info    0x0000de2f      0xaad ./Dave/Generated/RTC/rtc.o
 .debug_info    0x0000e8dc      0x581 ./Dave/Generated/RTC/rtc_conf.o
 .debug_info    0x0000ee5d      0x98b ./Dave/Generated/INTERRUPT/interrupt.o
 .debug_info    0x0000f7e8      0x3fb ./Dave/Generated/INTERRUPT/interrupt_conf.o
 .debug_info    0x0000fbe3     0x1204 ./Dave/Generated/I2C_MASTER/i2c_master.o
 .debug_info    0x00010de7     0x12d3 ./Dave/Generated/I2C_MASTER/i2c_master_conf.o
 .debug_info    0x000120ba      0xa34 ./Dave/Generated/GLOBAL_SCU_XMC4/global_scu_xmc4.o
 .debug_info    0x00012aee      0x180 ./Dave/Generated/GLOBAL_SCU_XMC4/global_scu_xmc4_conf.o
 .debug_info    0x00012c6e      0x3be ./Dave/Generated/GLOBAL_CCU4/global_ccu4.o
 .debug_info    0x0001302c      0x2be ./Dave/Generated/GLOBAL_CCU4/global_ccu4_conf.o
 .debug_info    0x000132ea      0xfae ./Dave/Generated/GLOBAL_ADC/global_adc.o
 .debug_info    0x00014298      0xfae ./Dave/Generated/GLOBAL_ADC/global_adc_conf.o
 .debug_info    0x00015246      0x4aa ./Dave/Generated/DIGITAL_IO/digital_io.o
 .debug_info    0x000156f0      0x3f2 ./Dave/Generated/DIGITAL_IO/digital_io_conf.o
 .debug_info    0x00015ae2      0x424 ./Dave/Generated/CPU_CTRL_XMC4/cpu_ctrl_xmc4.o
 .debug_info    0x00015f06      0x146 ./Dave/Generated/CPU_CTRL_XMC4/cpu_ctrl_xmc4_conf.o
 .debug_info    0x0001604c      0x170 ./Dave/Generated/CLOCK_XMC4/clock_xmc4.o
 .debug_info    0x000161bc      0x34c ./Dave/Generated/CLOCK_XMC4/clock_xmc4_conf.o
 .debug_info    0x00016508      0x6f8 ./Dave/Generated/BUS_IO/bus_io.o
 .debug_info    0x00016c00      0x44b ./Dave/Generated/BUS_IO/bus_io_conf.o
 .debug_info    0x0001704b     0x254d ./Dave/Generated/DAVE.o
 .debug_info    0x00019598      0x73a ./Actors_Displays/LCD.o
 .debug_info    0x00019cd2      0x5de ./main.o

.debug_abbrev   0x00000000     0x4175
 *(.debug_abbrev)
 .debug_abbrev  0x00000000       0x14 ./Startup/startup_XMC4500.o
 .debug_abbrev  0x00000014      0x192 ./Startup/system_XMC4500.o
 .debug_abbrev  0x000001a6      0x21c ./Source/Has_Misc.o
 .debug_abbrev  0x000003c2       0xb1 ./Source/INIT.o
 .debug_abbrev  0x00000473      0x1d0 ./Sensors/LM76.o
 .debug_abbrev  0x00000643       0xf0 ./Libraries/XMCLib/src/xmc4_gpio.o
 .debug_abbrev  0x00000733      0x1e5 ./Libraries/XMCLib/src/xmc4_rtc.o
 .debug_abbrev  0x00000918      0x2cc ./Libraries/XMCLib/src/xmc4_scu.o
 .debug_abbrev  0x00000be4       0xdc ./Libraries/XMCLib/src/xmc4_usic.o
 .debug_abbrev  0x00000cc0      0x227 ./Libraries/XMCLib/src/xmc_ccu4.o
 .debug_abbrev  0x00000ee7      0x277 ./Libraries/XMCLib/src/xmc_i2c.o
 .debug_abbrev  0x0000115e      0x1d1 ./Libraries/XMCLib/src/xmc_rtc.o
 .debug_abbrev  0x0000132f      0x1b9 ./Libraries/XMCLib/src/xmc_usic.o
 .debug_abbrev  0x000014e8      0x275 ./Libraries/XMCLib/src/xmc_vadc.o
 .debug_abbrev  0x0000175d      0x146 ./Libraries/Newlib/syscalls.o
 .debug_abbrev  0x000018a3      0x1d1 ./HAL/HAL_i2c.o
 .debug_abbrev  0x00001a74      0x22b ./Dave/Generated/TIMER/timer.o
 .debug_abbrev  0x00001c9f      0x15a ./Dave/Generated/TIMER/timer_conf.o
 .debug_abbrev  0x00001df9      0x344 ./Dave/Generated/SYSTIMER/systimer.o
 .debug_abbrev  0x0000213d       0x7a ./Dave/Generated/SYSTIMER/systimer_conf.o
 .debug_abbrev  0x000021b7      0x271 ./Dave/Generated/RTC/rtc.o
 .debug_abbrev  0x00002428      0x131 ./Dave/Generated/RTC/rtc_conf.o
 .debug_abbrev  0x00002559      0x1eb ./Dave/Generated/INTERRUPT/interrupt.o
 .debug_abbrev  0x00002744       0x97 ./Dave/Generated/INTERRUPT/interrupt_conf.o
 .debug_abbrev  0x000027db      0x257 ./Dave/Generated/I2C_MASTER/i2c_master.o
 .debug_abbrev  0x00002a32      0x238 ./Dave/Generated/I2C_MASTER/i2c_master_conf.o
 .debug_abbrev  0x00002c6a      0x1f2 ./Dave/Generated/GLOBAL_SCU_XMC4/global_scu_xmc4.o
 .debug_abbrev  0x00002e5c       0x9b ./Dave/Generated/GLOBAL_SCU_XMC4/global_scu_xmc4_conf.o
 .debug_abbrev  0x00002ef7      0x16f ./Dave/Generated/GLOBAL_CCU4/global_ccu4.o
 .debug_abbrev  0x00003066       0xfd ./Dave/Generated/GLOBAL_CCU4/global_ccu4_conf.o
 .debug_abbrev  0x00003163      0x1e6 ./Dave/Generated/GLOBAL_ADC/global_adc.o
 .debug_abbrev  0x00003349      0x185 ./Dave/Generated/GLOBAL_ADC/global_adc_conf.o
 .debug_abbrev  0x000034ce      0x10e ./Dave/Generated/DIGITAL_IO/digital_io.o
 .debug_abbrev  0x000035dc       0xc3 ./Dave/Generated/DIGITAL_IO/digital_io_conf.o
 .debug_abbrev  0x0000369f      0x16d ./Dave/Generated/CPU_CTRL_XMC4/cpu_ctrl_xmc4.o
 .debug_abbrev  0x0000380c       0x8a ./Dave/Generated/CPU_CTRL_XMC4/cpu_ctrl_xmc4_conf.o
 .debug_abbrev  0x00003896       0xc5 ./Dave/Generated/CLOCK_XMC4/clock_xmc4.o
 .debug_abbrev  0x0000395b       0xd5 ./Dave/Generated/CLOCK_XMC4/clock_xmc4_conf.o
 .debug_abbrev  0x00003a30      0x187 ./Dave/Generated/BUS_IO/bus_io.o
 .debug_abbrev  0x00003bb7       0xc3 ./Dave/Generated/BUS_IO/bus_io_conf.o
 .debug_abbrev  0x00003c7a      0x202 ./Dave/Generated/DAVE.o
 .debug_abbrev  0x00003e7c      0x199 ./Actors_Displays/LCD.o
 .debug_abbrev  0x00004015      0x160 ./main.o

.debug_line     0x00000000     0xa534
 *(.debug_line)
 .debug_line    0x00000000       0x88 ./Startup/startup_XMC4500.o
 .debug_line    0x00000088      0x339 ./Startup/system_XMC4500.o
 .debug_line    0x000003c1      0x4c7 ./Source/Has_Misc.o
 .debug_line    0x00000888      0x35b ./Source/INIT.o
 .debug_line    0x00000be3      0x3ee ./Sensors/LM76.o
 .debug_line    0x00000fd1      0x233 ./Libraries/XMCLib/src/xmc4_gpio.o
 .debug_line    0x00001204      0x385 ./Libraries/XMCLib/src/xmc4_rtc.o
 .debug_line    0x00001589      0xbbd ./Libraries/XMCLib/src/xmc4_scu.o
 .debug_line    0x00002146      0x2c7 ./Libraries/XMCLib/src/xmc4_usic.o
 .debug_line    0x0000240d      0x62d ./Libraries/XMCLib/src/xmc_ccu4.o
 .debug_line    0x00002a3a      0x3cc ./Libraries/XMCLib/src/xmc_i2c.o
 .debug_line    0x00002e06      0x3cc ./Libraries/XMCLib/src/xmc_rtc.o
 .debug_line    0x000031d2      0x3b2 ./Libraries/XMCLib/src/xmc_usic.o
 .debug_line    0x00003584      0xa7d ./Libraries/XMCLib/src/xmc_vadc.o
 .debug_line    0x00004001      0x20d ./Libraries/Newlib/syscalls.o
 .debug_line    0x0000420e      0x3e9 ./HAL/HAL_i2c.o
 .debug_line    0x000045f7      0x58f ./Dave/Generated/TIMER/timer.o
 .debug_line    0x00004b86      0x334 ./Dave/Generated/TIMER/timer_conf.o
 .debug_line    0x00004eba      0x636 ./Dave/Generated/SYSTIMER/systimer.o
 .debug_line    0x000054f0      0x190 ./Dave/Generated/SYSTIMER/systimer_conf.o
 .debug_line    0x00005680      0x5c3 ./Dave/Generated/RTC/rtc.o
 .debug_line    0x00005c43      0x30f ./Dave/Generated/RTC/rtc_conf.o
 .debug_line    0x00005f52      0x3d9 ./Dave/Generated/INTERRUPT/interrupt.o
 .debug_line    0x0000632b      0x21d ./Dave/Generated/INTERRUPT/interrupt_conf.o
 .debug_line    0x00006548      0x746 ./Dave/Generated/I2C_MASTER/i2c_master.o
 .debug_line    0x00006c8e      0x3e0 ./Dave/Generated/I2C_MASTER/i2c_master_conf.o
 .debug_line    0x0000706e      0x490 ./Dave/Generated/GLOBAL_SCU_XMC4/global_scu_xmc4.o
 .debug_line    0x000074fe      0x236 ./Dave/Generated/GLOBAL_SCU_XMC4/global_scu_xmc4_conf.o
 .debug_line    0x00007734      0x35f ./Dave/Generated/GLOBAL_CCU4/global_ccu4.o
 .debug_line    0x00007a93      0x2b5 ./Dave/Generated/GLOBAL_CCU4/global_ccu4_conf.o
 .debug_line    0x00007d48      0x36b ./Dave/Generated/GLOBAL_ADC/global_adc.o
 .debug_line    0x000080b3      0x2a4 ./Dave/Generated/GLOBAL_ADC/global_adc_conf.o
 .debug_line    0x00008357      0x2a6 ./Dave/Generated/DIGITAL_IO/digital_io.o
 .debug_line    0x000085fd      0x215 ./Dave/Generated/DIGITAL_IO/digital_io_conf.o
 .debug_line    0x00008812      0x250 ./Dave/Generated/CPU_CTRL_XMC4/cpu_ctrl_xmc4.o
 .debug_line    0x00008a62      0x19f ./Dave/Generated/CPU_CTRL_XMC4/cpu_ctrl_xmc4_conf.o
 .debug_line    0x00008c01      0x2a7 ./Dave/Generated/CLOCK_XMC4/clock_xmc4.o
 .debug_line    0x00008ea8      0x2a0 ./Dave/Generated/CLOCK_XMC4/clock_xmc4_conf.o
 .debug_line    0x00009148      0x388 ./Dave/Generated/BUS_IO/bus_io.o
 .debug_line    0x000094d0      0x209 ./Dave/Generated/BUS_IO/bus_io_conf.o
 .debug_line    0x000096d9      0x565 ./Dave/Generated/DAVE.o
 .debug_line    0x00009c3e      0x4c0 ./Actors_Displays/LCD.o
 .debug_line    0x0000a0fe      0x436 ./main.o

.debug_frame    0x00000000     0x4da0
 *(.debug_frame)
 .debug_frame   0x00000000       0xec ./Startup/system_XMC4500.o
 .debug_frame   0x000000ec      0x114 ./Source/Has_Misc.o
 .debug_frame   0x00000200       0x34 ./Source/INIT.o
 .debug_frame   0x00000234       0x60 ./Sensors/LM76.o
 .debug_frame   0x00000294       0x60 ./Libraries/XMCLib/src/xmc4_gpio.o
 .debug_frame   0x000002f4      0x154 ./Libraries/XMCLib/src/xmc4_rtc.o
 .debug_frame   0x00000448      0xe7c ./Libraries/XMCLib/src/xmc4_scu.o
 .debug_frame   0x000012c4       0x60 ./Libraries/XMCLib/src/xmc4_usic.o
 .debug_frame   0x00001324      0x588 ./Libraries/XMCLib/src/xmc_ccu4.o
 .debug_frame   0x000018ac      0x2e0 ./Libraries/XMCLib/src/xmc_i2c.o
 .debug_frame   0x00001b8c      0x1a8 ./Libraries/XMCLib/src/xmc_rtc.o
 .debug_frame   0x00001d34      0x1a0 ./Libraries/XMCLib/src/xmc_usic.o
 .debug_frame   0x00001ed4      0xb10 ./Libraries/XMCLib/src/xmc_vadc.o
 .debug_frame   0x000029e4      0x29c ./Libraries/Newlib/syscalls.o
 .debug_frame   0x00002c80      0x10c ./HAL/HAL_i2c.o
 .debug_frame   0x00002d8c      0x390 ./Dave/Generated/TIMER/timer.o
 .debug_frame   0x0000311c      0x3ec ./Dave/Generated/SYSTIMER/systimer.o
 .debug_frame   0x00003508      0x230 ./Dave/Generated/RTC/rtc.o
 .debug_frame   0x00003738      0x124 ./Dave/Generated/INTERRUPT/interrupt.o
 .debug_frame   0x0000385c      0x514 ./Dave/Generated/I2C_MASTER/i2c_master.o
 .debug_frame   0x00003d70      0x1d4 ./Dave/Generated/I2C_MASTER/i2c_master_conf.o
 .debug_frame   0x00003f44      0x140 ./Dave/Generated/GLOBAL_SCU_XMC4/global_scu_xmc4.o
 .debug_frame   0x00004084       0x88 ./Dave/Generated/GLOBAL_CCU4/global_ccu4.o
 .debug_frame   0x0000410c       0x88 ./Dave/Generated/GLOBAL_ADC/global_adc.o
 .debug_frame   0x00004194       0x60 ./Dave/Generated/DIGITAL_IO/digital_io.o
 .debug_frame   0x000041f4       0x88 ./Dave/Generated/CPU_CTRL_XMC4/cpu_ctrl_xmc4.o
 .debug_frame   0x0000427c       0x5c ./Dave/Generated/CLOCK_XMC4/clock_xmc4.o
 .debug_frame   0x000042d8       0x2c ./Dave/Generated/CLOCK_XMC4/clock_xmc4_conf.o
 .debug_frame   0x00004304      0x178 ./Dave/Generated/BUS_IO/bus_io.o
 .debug_frame   0x0000447c       0x38 ./Dave/Generated/DAVE.o
 .debug_frame   0x000044b4       0xb4 ./Actors_Displays/LCD.o
 .debug_frame   0x00004568       0x80 ./main.o
 .debug_frame   0x000045e8       0x2c c:/davev4-64bit/dave-ide-4.4.2-64bit/eclipse/arm-gcc-49/bin/../lib/gcc/arm-none-eabi/4.9.3/../../../../arm-none-eabi/lib/armv7e-m\libg_nano.a(lib_a-init.o)
 .debug_frame   0x00004614       0x28 c:/davev4-64bit/dave-ide-4.4.2-64bit/eclipse/arm-gcc-49/bin/../lib/gcc/arm-none-eabi/4.9.3/../../../../arm-none-eabi/lib/armv7e-m\libg_nano.a(lib_a-memcpy.o)
 .debug_frame   0x0000463c       0x20 c:/davev4-64bit/dave-ide-4.4.2-64bit/eclipse/arm-gcc-49/bin/../lib/gcc/arm-none-eabi/4.9.3/../../../../arm-none-eabi/lib/armv7e-m\libg_nano.a(lib_a-memset.o)
 .debug_frame   0x0000465c       0x8c c:/davev4-64bit/dave-ide-4.4.2-64bit/eclipse/arm-gcc-49/bin/../lib/gcc/arm-none-eabi/4.9.3/../../../../arm-none-eabi/lib/armv7e-m\libg_nano.a(lib_a-nano-vfprintf_float.o)
 .debug_frame   0x000046e8       0x58 c:/davev4-64bit/dave-ide-4.4.2-64bit/eclipse/arm-gcc-49/bin/../lib/gcc/arm-none-eabi/4.9.3/../../../../arm-none-eabi/lib/armv7e-m\libg_nano.a(lib_a-nano-vfprintf_i.o)
 .debug_frame   0x00004740       0x28 c:/davev4-64bit/dave-ide-4.4.2-64bit/eclipse/arm-gcc-49/bin/../lib/gcc/arm-none-eabi/4.9.3/../../../../arm-none-eabi/lib/armv7e-m\libg_nano.a(lib_a-s_fpclassify.o)
 .debug_frame   0x00004768       0x70 c:/davev4-64bit/dave-ide-4.4.2-64bit/eclipse/arm-gcc-49/bin/../lib/gcc/arm-none-eabi/4.9.3/../../../../arm-none-eabi/lib/armv7e-m\libg_nano.a(lib_a-sprintf.o)
 .debug_frame   0x000047d8       0x20 c:/davev4-64bit/dave-ide-4.4.2-64bit/eclipse/arm-gcc-49/bin/../lib/gcc/arm-none-eabi/4.9.3/../../../../arm-none-eabi/lib/armv7e-m\libg_nano.a(lib_a-strlen.o)
 .debug_frame   0x000047f8       0x6c c:/davev4-64bit/dave-ide-4.4.2-64bit/eclipse/arm-gcc-49/bin/../lib/gcc/arm-none-eabi/4.9.3/../../../../arm-none-eabi/lib/armv7e-m\libg_nano.a(lib_a-dtoa.o)
 .debug_frame   0x00004864       0x98 c:/davev4-64bit/dave-ide-4.4.2-64bit/eclipse/arm-gcc-49/bin/../lib/gcc/arm-none-eabi/4.9.3/../../../../arm-none-eabi/lib/armv7e-m\libg_nano.a(lib_a-locale.o)
 .debug_frame   0x000048fc       0x30 c:/davev4-64bit/dave-ide-4.4.2-64bit/eclipse/arm-gcc-49/bin/../lib/gcc/arm-none-eabi/4.9.3/../../../../arm-none-eabi/lib/armv7e-m\libg_nano.a(lib_a-malloc.o)
 .debug_frame   0x0000492c       0x28 c:/davev4-64bit/dave-ide-4.4.2-64bit/eclipse/arm-gcc-49/bin/../lib/gcc/arm-none-eabi/4.9.3/../../../../arm-none-eabi/lib/armv7e-m\libg_nano.a(lib_a-memchr.o)
 .debug_frame   0x00004954      0x230 c:/davev4-64bit/dave-ide-4.4.2-64bit/eclipse/arm-gcc-49/bin/../lib/gcc/arm-none-eabi/4.9.3/../../../../arm-none-eabi/lib/armv7e-m\libg_nano.a(lib_a-mprec.o)
 .debug_frame   0x00004b84       0x2c c:/davev4-64bit/dave-ide-4.4.2-64bit/eclipse/arm-gcc-49/bin/../lib/gcc/arm-none-eabi/4.9.3/../../../../arm-none-eabi/lib/armv7e-m\libg_nano.a(lib_a-nano-callocr.o)
 .debug_frame   0x00004bb0       0x2c c:/davev4-64bit/dave-ide-4.4.2-64bit/eclipse/arm-gcc-49/bin/../lib/gcc/arm-none-eabi/4.9.3/../../../../arm-none-eabi/lib/armv7e-m\libg_nano.a(lib_a-nano-freer.o)
 .debug_frame   0x00004bdc       0x2c c:/davev4-64bit/dave-ide-4.4.2-64bit/eclipse/arm-gcc-49/bin/../lib/gcc/arm-none-eabi/4.9.3/../../../../arm-none-eabi/lib/armv7e-m\libg_nano.a(lib_a-nano-mallocr.o)
 .debug_frame   0x00004c08       0x8c c:/davev4-64bit/dave-ide-4.4.2-64bit/eclipse/arm-gcc-49/bin/../lib/gcc/arm-none-eabi/4.9.3/../../../../arm-none-eabi/lib/armv7e-m\libg_nano.a(lib_a-nano-svfprintf.o)
 .debug_frame   0x00004c94       0x2c c:/davev4-64bit/dave-ide-4.4.2-64bit/eclipse/arm-gcc-49/bin/../lib/gcc/arm-none-eabi/4.9.3/../../../../arm-none-eabi/lib/armv7e-m\libg_nano.a(lib_a-sbrkr.o)
 .debug_frame   0x00004cc0       0x28 c:/davev4-64bit/dave-ide-4.4.2-64bit/eclipse/arm-gcc-49/bin/../lib/gcc/arm-none-eabi/4.9.3/../../../../arm-none-eabi/lib/armv7e-m\libg_nano.a(lib_a-memmove.o)
 .debug_frame   0x00004ce8       0x3c c:/davev4-64bit/dave-ide-4.4.2-64bit/eclipse/arm-gcc-49/bin/../lib/gcc/arm-none-eabi/4.9.3/../../../../arm-none-eabi/lib/armv7e-m\libg_nano.a(lib_a-nano-reallocr.o)
 .debug_frame   0x00004d24       0x5c c:/davev4-64bit/dave-ide-4.4.2-64bit/eclipse/arm-gcc-49/bin/../lib/gcc/arm-none-eabi/4.9.3/../../../../arm-none-eabi/lib/armv7e-m\libg_nano.a(lib_a-reent.o)
 .debug_frame   0x00004d80       0x20 c:/davev4-64bit/dave-ide-4.4.2-64bit/eclipse/arm-gcc-49/bin/../lib/gcc/arm-none-eabi/4.9.3/../../../../arm-none-eabi/lib/armv7e-m\libg_nano.a(lib_a-nano-msizer.o)

.debug_str      0x00000000     0xa428
 *(.debug_str)
 .debug_str     0x00000000      0x50e ./Startup/system_XMC4500.o
                                0x58e (size before relaxing)
 .debug_str     0x0000050e      0x7f0 ./Source/Has_Misc.o
                                0xa73 (size before relaxing)
 .debug_str     0x00000cfe       0x81 ./Source/INIT.o
                                0x3a5 (size before relaxing)
 .debug_str     0x00000d7f      0x489 ./Sensors/LM76.o
                                0x8b6 (size before relaxing)
 .debug_str     0x00001208      0x5ad ./Libraries/XMCLib/src/xmc4_gpio.o